main.c:78:6:initForSevenSeg	32	static
main.c:88:6:initForLED	32	static
main.c:98:6:numberToBCD0	32	static
main.c:118:6:show	16	static
main.c:140:5:main	8	static
main.c:199:6:SystemClock_Config	128	static
main.c:249:13:MX_I2C1_Init	8	static
main.c:295:13:MX_SPI1_Init	8	static
main.c:335:13:MX_TIM3_Init	40	static
main.c:380:13:MX_TIM4_Init	40	static
main.c:425:13:MX_TIM15_Init	112	static
main.c:501:13:MX_USART2_UART_Init	8	static
main.c:536:13:MX_USB_PCD_Init	8	static
main.c:567:13:MX_GPIO_Init	56	static
main.c:630:6:Error_Handler	4	static,ignoring_inline_asm
