stm32f3xx_it.c:122:6:warning_start	8	static
stm32f3xx_it.c:126:6:warning_stop	8	static
stm32f3xx_it.c:130:6:PWM_Change_Tone	40	static
stm32f3xx_it.c:151:6:Change_Melody	16	static
stm32f3xx_it.c:158:6:Update_Melody	16	static
stm32f3xx_it.c:172:6:warning	8	static
stm32f3xx_it.c:176:6:LED	8	static
stm32f3xx_it.c:214:6:elevator	8	static
stm32f3xx_it.c:234:6:push	24	static
stm32f3xx_it.c:256:6:pop	4	static
stm32f3xx_it.c:269:6:removeAll	4	static
stm32f3xx_it.c:281:6:doJob	8	static
stm32f3xx_it.c:290:6:set_max_level	16	static
stm32f3xx_it.c:296:6:set_level	16	static
stm32f3xx_it.c:300:6:set_wait	16	static
stm32f3xx_it.c:304:6:set_LED	16	static
stm32f3xx_it.c:308:6:test	24	static
stm32f3xx_it.c:324:6:start	4	static
stm32f3xx_it.c:346:6:NMI_Handler	4	static
stm32f3xx_it.c:361:6:HardFault_Handler	4	static
stm32f3xx_it.c:376:6:MemManage_Handler	4	static
stm32f3xx_it.c:391:6:BusFault_Handler	4	static
stm32f3xx_it.c:406:6:UsageFault_Handler	4	static
stm32f3xx_it.c:421:6:SVC_Handler	4	static
stm32f3xx_it.c:434:6:DebugMon_Handler	4	static
stm32f3xx_it.c:447:6:PendSV_Handler	4	static
stm32f3xx_it.c:460:6:SysTick_Handler	8	static
stm32f3xx_it.c:481:6:EXTI0_IRQHandler	8	static
stm32f3xx_it.c:503:6:EXTI1_IRQHandler	8	static
stm32f3xx_it.c:526:6:EXTI3_IRQHandler	8	static
stm32f3xx_it.c:551:6:EXTI4_IRQHandler	8	static
stm32f3xx_it.c:572:6:TIM1_BRK_TIM15_IRQHandler	8	static
stm32f3xx_it.c:586:6:TIM3_IRQHandler	8	static
stm32f3xx_it.c:613:6:TIM4_IRQHandler	8	static
stm32f3xx_it.c:634:6:USART2_IRQHandler	64	static
