main.c:77:6:initForSevenSeg	32	static
main.c:87:6:numberToBCD0	32	static
main.c:107:6:show	16	static
main.c:142:5:main	8	static
main.c:200:6:SystemClock_Config	128	static
main.c:251:13:MX_ADC1_Init	48	static
main.c:314:13:MX_ADC3_Init	48	static
main.c:377:13:MX_I2C1_Init	8	static
main.c:423:13:MX_SPI1_Init	8	static
main.c:463:13:MX_TIM2_Init	64	static
main.c:522:13:MX_TIM3_Init	40	static
main.c:567:13:MX_TIM4_Init	40	static
main.c:612:13:MX_USB_PCD_Init	8	static
main.c:643:13:MX_GPIO_Init	48	static
main.c:694:6:Error_Handler	4	static,ignoring_inline_asm
