stm32f3xx_it.c:90:6:warning_start	8	static
stm32f3xx_it.c:94:6:warning_stop	8	static
stm32f3xx_it.c:98:6:PWM_Change_Tone	40	static
stm32f3xx_it.c:119:6:Change_Melody	16	static
stm32f3xx_it.c:126:6:Update_Melody	16	static
stm32f3xx_it.c:140:6:warning	8	static
stm32f3xx_it.c:167:6:NMI_Handler	4	static
stm32f3xx_it.c:182:6:HardFault_Handler	4	static
stm32f3xx_it.c:197:6:MemManage_Handler	4	static
stm32f3xx_it.c:212:6:BusFault_Handler	4	static
stm32f3xx_it.c:227:6:UsageFault_Handler	4	static
stm32f3xx_it.c:242:6:SVC_Handler	4	static
stm32f3xx_it.c:255:6:DebugMon_Handler	4	static
stm32f3xx_it.c:268:6:PendSV_Handler	4	static
stm32f3xx_it.c:281:6:SysTick_Handler	8	static
stm32f3xx_it.c:302:6:ADC1_2_IRQHandler	16	static
stm32f3xx_it.c:331:6:TIM2_IRQHandler	8	static
stm32f3xx_it.c:345:6:TIM3_IRQHandler	8	static
stm32f3xx_it.c:359:6:TIM4_IRQHandler	8	static
stm32f3xx_it.c:373:6:ADC3_IRQHandler	24	static
