stm32f3xx_it.c:400:6:PWM_Start	8	static
stm32f3xx_it.c:405:6:PWM_Stop	8	static
stm32f3xx_it.c:410:6:PWM_Change_Tone	40	static
stm32f3xx_it.c:431:6:Change_Melody	16	static
stm32f3xx_it.c:438:6:Update_Melody	16	static
stm32f3xx_it.c:466:6:NMI_Handler	4	static
stm32f3xx_it.c:481:6:HardFault_Handler	4	static
stm32f3xx_it.c:496:6:MemManage_Handler	4	static
stm32f3xx_it.c:511:6:BusFault_Handler	4	static
stm32f3xx_it.c:526:6:UsageFault_Handler	4	static
stm32f3xx_it.c:541:6:SVC_Handler	4	static
stm32f3xx_it.c:554:6:DebugMon_Handler	4	static
stm32f3xx_it.c:567:6:PendSV_Handler	4	static
stm32f3xx_it.c:580:6:SysTick_Handler	8	static
stm32f3xx_it.c:601:6:USART2_IRQHandler	8	static
