core_cm4.h:1939:34:__NVIC_SystemReset	4	static,ignoring_inline_asm
main.c:269:6:start_page	32	static
main.c:369:6:menu	16	static
main.c:421:6:about	16	static
main.c:462:6:startGame	8	static
main.c:603:6:ship_do	16	static
main.c:648:6:bullet_1	16	static
main.c:671:6:bullet_2	16	static
main.c:691:6:enemy_do	16	static
main.c:708:6:bump	32	static
main.c:860:6:victory	24	static
main.c:899:6:losing	24	static
main.c:939:6:game_mode1	32	static
main.c:1098:6:game_mode2	32	static
main.c:1257:6:game_mode3	32	static
main.c:1414:6:boss	16	static
main.c:1492:6:bump_bossfight	48	static
main.c:1572:6:boss_fight	32	static
main.c:1736:6:autoShip	16	static
main.c:1771:6:setTimeAndDate	8	static
main.c:1791:5:main	8	static
main.c:1856:6:SystemClock_Config	128	static
main.c:1911:13:MX_ADC1_Init	48	static
main.c:1974:13:MX_I2C1_Init	8	static
main.c:2020:13:MX_RTC_Init	32	static
main.c:2082:13:MX_SPI1_Init	8	static
main.c:2122:13:MX_TIM2_Init	40	static
main.c:2167:13:MX_TIM3_Init	40	static
main.c:2212:13:MX_TIM4_Init	64	static
main.c:2271:13:MX_TIM6_Init	24	static
main.c:2309:13:MX_USART2_UART_Init	8	static
main.c:2344:13:MX_USB_PCD_Init	8	static
main.c:2375:13:MX_GPIO_Init	56	static
main.c:2464:6:Error_Handler	4	static,ignoring_inline_asm
