stm32f3xx_it.c:1485:6:PWM_Start	8	static
stm32f3xx_it.c:1490:6:PWM_Stop	8	static
stm32f3xx_it.c:1495:6:PWM_Change_Tone	40	static
stm32f3xx_it.c:1516:6:Change_Melody	16	static
stm32f3xx_it.c:1523:6:Update_Melody	16	static
stm32f3xx_it.c:1537:6:musicOn	8	static
stm32f3xx_it.c:1542:6:bump_1	8	static
stm32f3xx_it.c:1546:6:bump_2	8	static
stm32f3xx_it.c:1550:6:bump_3	8	static
stm32f3xx_it.c:1554:6:silent_	8	static
stm32f3xx_it.c:1558:6:shot_1	8	static
stm32f3xx_it.c:1562:6:bossfightmelody	8	static
stm32f3xx_it.c:1585:6:NMI_Handler	4	static
stm32f3xx_it.c:1600:6:HardFault_Handler	4	static
stm32f3xx_it.c:1615:6:MemManage_Handler	4	static
stm32f3xx_it.c:1630:6:BusFault_Handler	4	static
stm32f3xx_it.c:1645:6:UsageFault_Handler	4	static
stm32f3xx_it.c:1660:6:SVC_Handler	4	static
stm32f3xx_it.c:1673:6:DebugMon_Handler	4	static
stm32f3xx_it.c:1686:6:PendSV_Handler	4	static
stm32f3xx_it.c:1699:6:SysTick_Handler	8	static
stm32f3xx_it.c:1720:6:EXTI0_IRQHandler	16	static
stm32f3xx_it.c:1775:6:EXTI1_IRQHandler	16	static
stm32f3xx_it.c:1830:6:EXTI2_TSC_IRQHandler	16	static
stm32f3xx_it.c:1885:6:EXTI3_IRQHandler	16	static
stm32f3xx_it.c:1941:6:ADC1_2_IRQHandler	16	static
stm32f3xx_it.c:1984:6:TIM2_IRQHandler	16	static
stm32f3xx_it.c:2024:6:TIM3_IRQHandler	16	static
stm32f3xx_it.c:2064:6:TIM4_IRQHandler	8	static
stm32f3xx_it.c:2078:6:USART2_IRQHandler	16	static
stm32f3xx_it.c:2118:6:TIM6_DAC_IRQHandler	16	static
