Archive member included to satisfy reference by file (symbol)

c:/st/stm32cubeide_1.7.0/stm32cubeide/plugins/com.st.stm32cube.ide.mcu.externaltools.gnu-tools-for-stm32.9-2020-q2-update.win32_2.0.0.202105311346/tools/bin/../lib/gcc/arm-none-eabi/9.3.1/../../../../arm-none-eabi/lib/thumb/v7e-m+fp/hard\libc_nano.a(lib_a-errno.o)
                              ./Core/Src/syscalls.o (__errno)
c:/st/stm32cubeide_1.7.0/stm32cubeide/plugins/com.st.stm32cube.ide.mcu.externaltools.gnu-tools-for-stm32.9-2020-q2-update.win32_2.0.0.202105311346/tools/bin/../lib/gcc/arm-none-eabi/9.3.1/../../../../arm-none-eabi/lib/thumb/v7e-m+fp/hard\libc_nano.a(lib_a-exit.o)
                              c:/st/stm32cubeide_1.7.0/stm32cubeide/plugins/com.st.stm32cube.ide.mcu.externaltools.gnu-tools-for-stm32.9-2020-q2-update.win32_2.0.0.202105311346/tools/bin/../lib/gcc/arm-none-eabi/9.3.1/../../../../arm-none-eabi/lib/thumb/v7e-m+fp/hard/crt0.o (exit)
c:/st/stm32cubeide_1.7.0/stm32cubeide/plugins/com.st.stm32cube.ide.mcu.externaltools.gnu-tools-for-stm32.9-2020-q2-update.win32_2.0.0.202105311346/tools/bin/../lib/gcc/arm-none-eabi/9.3.1/../../../../arm-none-eabi/lib/thumb/v7e-m+fp/hard\libc_nano.a(lib_a-impure.o)
                              c:/st/stm32cubeide_1.7.0/stm32cubeide/plugins/com.st.stm32cube.ide.mcu.externaltools.gnu-tools-for-stm32.9-2020-q2-update.win32_2.0.0.202105311346/tools/bin/../lib/gcc/arm-none-eabi/9.3.1/../../../../arm-none-eabi/lib/thumb/v7e-m+fp/hard\libc_nano.a(lib_a-exit.o) (_global_impure_ptr)
c:/st/stm32cubeide_1.7.0/stm32cubeide/plugins/com.st.stm32cube.ide.mcu.externaltools.gnu-tools-for-stm32.9-2020-q2-update.win32_2.0.0.202105311346/tools/bin/../lib/gcc/arm-none-eabi/9.3.1/../../../../arm-none-eabi/lib/thumb/v7e-m+fp/hard\libc_nano.a(lib_a-init.o)
                              c:/st/stm32cubeide_1.7.0/stm32cubeide/plugins/com.st.stm32cube.ide.mcu.externaltools.gnu-tools-for-stm32.9-2020-q2-update.win32_2.0.0.202105311346/tools/bin/../lib/gcc/arm-none-eabi/9.3.1/../../../../arm-none-eabi/lib/thumb/v7e-m+fp/hard/crt0.o (__libc_init_array)
c:/st/stm32cubeide_1.7.0/stm32cubeide/plugins/com.st.stm32cube.ide.mcu.externaltools.gnu-tools-for-stm32.9-2020-q2-update.win32_2.0.0.202105311346/tools/bin/../lib/gcc/arm-none-eabi/9.3.1/../../../../arm-none-eabi/lib/thumb/v7e-m+fp/hard\libc_nano.a(lib_a-memset.o)
                              c:/st/stm32cubeide_1.7.0/stm32cubeide/plugins/com.st.stm32cube.ide.mcu.externaltools.gnu-tools-for-stm32.9-2020-q2-update.win32_2.0.0.202105311346/tools/bin/../lib/gcc/arm-none-eabi/9.3.1/../../../../arm-none-eabi/lib/thumb/v7e-m+fp/hard/crt0.o (memset)
c:/st/stm32cubeide_1.7.0/stm32cubeide/plugins/com.st.stm32cube.ide.mcu.externaltools.gnu-tools-for-stm32.9-2020-q2-update.win32_2.0.0.202105311346/tools/bin/../lib/gcc/arm-none-eabi/9.3.1/../../../../arm-none-eabi/lib/thumb/v7e-m+fp/hard\libc_nano.a(lib_a-rand.o)
                              ./Core/Src/main.o (rand)
c:/st/stm32cubeide_1.7.0/stm32cubeide/plugins/com.st.stm32cube.ide.mcu.externaltools.gnu-tools-for-stm32.9-2020-q2-update.win32_2.0.0.202105311346/tools/bin/../lib/gcc/arm-none-eabi/9.3.1/../../../../arm-none-eabi/lib/thumb/v7e-m+fp/hard\libc_nano.a(lib_a-sprintf.o)
                              ./Core/Src/main.o (sprintf)
c:/st/stm32cubeide_1.7.0/stm32cubeide/plugins/com.st.stm32cube.ide.mcu.externaltools.gnu-tools-for-stm32.9-2020-q2-update.win32_2.0.0.202105311346/tools/bin/../lib/gcc/arm-none-eabi/9.3.1/../../../../arm-none-eabi/lib/thumb/v7e-m+fp/hard\libc_nano.a(lib_a-strlen.o)
                              ./Core/Src/LiquidCrystal.o (strlen)
c:/st/stm32cubeide_1.7.0/stm32cubeide/plugins/com.st.stm32cube.ide.mcu.externaltools.gnu-tools-for-stm32.9-2020-q2-update.win32_2.0.0.202105311346/tools/bin/../lib/gcc/arm-none-eabi/9.3.1/../../../../arm-none-eabi/lib/thumb/v7e-m+fp/hard\libc_nano.a(lib_a-assert.o)
                              c:/st/stm32cubeide_1.7.0/stm32cubeide/plugins/com.st.stm32cube.ide.mcu.externaltools.gnu-tools-for-stm32.9-2020-q2-update.win32_2.0.0.202105311346/tools/bin/../lib/gcc/arm-none-eabi/9.3.1/../../../../arm-none-eabi/lib/thumb/v7e-m+fp/hard\libc_nano.a(lib_a-rand.o) (__assert_func)
c:/st/stm32cubeide_1.7.0/stm32cubeide/plugins/com.st.stm32cube.ide.mcu.externaltools.gnu-tools-for-stm32.9-2020-q2-update.win32_2.0.0.202105311346/tools/bin/../lib/gcc/arm-none-eabi/9.3.1/../../../../arm-none-eabi/lib/thumb/v7e-m+fp/hard\libc_nano.a(lib_a-fprintf.o)
                              c:/st/stm32cubeide_1.7.0/stm32cubeide/plugins/com.st.stm32cube.ide.mcu.externaltools.gnu-tools-for-stm32.9-2020-q2-update.win32_2.0.0.202105311346/tools/bin/../lib/gcc/arm-none-eabi/9.3.1/../../../../arm-none-eabi/lib/thumb/v7e-m+fp/hard\libc_nano.a(lib_a-assert.o) (fiprintf)
[...]
Memory Configuration

Name             Origin             Length             Attributes
CCMRAM           0x0000000010000000 0x0000000000002000 xrw
RAM              0x0000000020000000 0x000000000000a000 xrw
FLASH            0x0000000008000000 0x0000000000040000 xr
*default*        0x0000000000000000 0xffffffffffffffff

Linker script and memory map

LOAD c:/st/stm32cubeide_1.7.0/stm32cubeide/plugins/com.st.stm32cube.ide.mcu.externaltools.gnu-tools-for-stm32.9-2020-q2-update.win32_2.0.0.202105311346/tools/bin/../lib/gcc/arm-none-eabi/9.3.1/thumb/v7e-m+fp/hard/crti.o
LOAD c:/st/stm32cubeide_1.7.0/stm32cubeide/plugins/com.st.stm32cube.ide.mcu.externaltools.gnu-tools-for-stm32.9-2020-q2-update.win32_2.0.0.202105311346/tools/bin/../lib/gcc/arm-none-eabi/9.3.1/thumb/v7e-m+fp/hard/crtbegin.o
LOAD c:/st/stm32cubeide_1.7.0/stm32cubeide/plugins/com.st.stm32cube.ide.mcu.externaltools.gnu-tools-for-stm32.9-2020-q2-update.win32_2.0.0.202105311346/tools/bin/../lib/gcc/arm-none-eabi/9.3.1/../../../../arm-none-eabi/lib/thumb/v7e-m+fp/hard/crt0.o
LOAD ./Core/Src/LiquidCrystal.o
LOAD ./Core/Src/main.o
LOAD ./Core/Src/stm32f3xx_hal_msp.o
LOAD ./Core/Src/stm32f3xx_it.o
LOAD ./Core/Src/syscalls.o
LOAD ./Core/Src/sysmem.o
LOAD ./Core/Src/system_stm32f3xx.o
LOAD ./Core/Startup/startup_stm32f303vctx.o
LOAD ./Drivers/STM32F3xx_HAL_Driver/Src/stm32f3xx_hal.o
LOAD ./Drivers/STM32F3xx_HAL_Driver/Src/stm32f3xx_hal_adc.o
LOAD ./Drivers/STM32F3xx_HAL_Driver/Src/stm32f3xx_hal_adc_ex.o
LOAD ./Drivers/STM32F3xx_HAL_Driver/Src/stm32f3xx_hal_cortex.o
LOAD ./Drivers/STM32F3xx_HAL_Driver/Src/stm32f3xx_hal_dma.o
LOAD ./Drivers/STM32F3xx_HAL_Driver/Src/stm32f3xx_hal_exti.o
LOAD ./Drivers/STM32F3xx_HAL_Driver/Src/stm32f3xx_hal_flash.o
LOAD ./Drivers/STM32F3xx_HAL_Driver/Src/stm32f3xx_hal_flash_ex.o
LOAD ./Drivers/STM32F3xx_HAL_Driver/Src/stm32f3xx_hal_gpio.o
LOAD ./Drivers/STM32F3xx_HAL_Driver/Src/stm32f3xx_hal_i2c.o
LOAD ./Drivers/STM32F3xx_HAL_Driver/Src/stm32f3xx_hal_i2c_ex.o
LOAD ./Drivers/STM32F3xx_HAL_Driver/Src/stm32f3xx_hal_pcd.o
LOAD ./Drivers/STM32F3xx_HAL_Driver/Src/stm32f3xx_hal_pcd_ex.o
LOAD ./Drivers/STM32F3xx_HAL_Driver/Src/stm32f3xx_hal_pwr.o
LOAD ./Drivers/STM32F3xx_HAL_Driver/Src/stm32f3xx_hal_pwr_ex.o
LOAD ./Drivers/STM32F3xx_HAL_Driver/Src/stm32f3xx_hal_rcc.o
LOAD ./Drivers/STM32F3xx_HAL_Driver/Src/stm32f3xx_hal_rcc_ex.o
LOAD ./Drivers/STM32F3xx_HAL_Driver/Src/stm32f3xx_hal_rtc.o
LOAD ./Drivers/STM32F3xx_HAL_Driver/Src/stm32f3xx_hal_rtc_ex.o
LOAD ./Drivers/STM32F3xx_HAL_Driver/Src/stm32f3xx_hal_spi.o
LOAD ./Drivers/STM32F3xx_HAL_Driver/Src/stm32f3xx_hal_spi_ex.o
LOAD ./Drivers/STM32F3xx_HAL_Driver/Src/stm32f3xx_hal_tim.o
LOAD ./Drivers/STM32F3xx_HAL_Driver/Src/stm32f3xx_hal_tim_ex.o
LOAD ./Drivers/STM32F3xx_HAL_Driver/Src/stm32f3xx_hal_uart.o
LOAD ./Drivers/STM32F3xx_HAL_Driver/Src/stm32f3xx_hal_uart_ex.o
LOAD ./Drivers/STM32F3xx_HAL_Driver/Src/stm32f3xx_ll_usb.o
START GROUP
LOAD c:/st/stm32cubeide_1.7.0/stm32cubeide/plugins/com.st.stm32cube.ide.mcu.externaltools.gnu-tools-for-stm32.9-2020-q2-update.win32_2.0.0.202105311346/tools/bin/../lib/gcc/arm-none-eabi/9.3.1/../../../../arm-none-eabi/lib/thumb/v7e-m+fp/hard\libc_nano.a
LOAD c:/st/stm32cubeide_1.7.0/stm32cubeide/plugins/com.st.stm32cube.ide.mcu.externaltools.gnu-tools-for-stm32.9-2020-q2-update.win32_2.0.0.202105311346/tools/bin/../lib/gcc/arm-none-eabi/9.3.1/../../../../arm-none-eabi/lib/thumb/v7e-m+fp/hard\libm.a
END GROUP
START GROUP
LOAD c:/st/stm32cubeide_1.7.0/stm32cubeide/plugins/com.st.stm32cube.ide.mcu.externaltools.gnu-tools-for-stm32.9-2020-q2-update.win32_2.0.0.202105311346/tools/bin/../lib/gcc/arm-none-eabi/9.3.1/thumb/v7e-m+fp/hard\libgcc.a
LOAD c:/st/stm32cubeide_1.7.0/stm32cubeide/plugins/com.st.stm32cube.ide.mcu.externaltools.gnu-tools-for-stm32.9-2020-q2-update.win32_2.0.0.202105311346/tools/bin/../lib/gcc/arm-none-eabi/9.3.1/../../../../arm-none-eabi/lib/thumb/v7e-m+fp/hard\libc_nano.a
END GROUP
START GROUP
LOAD c:/st/stm32cubeide_1.7.0/stm32cubeide/plugins/com.st.stm32cube.ide.mcu.externaltools.gnu-tools-for-stm32.9-2020-q2-update.win32_2.0.0.202105311346/tools/bin/../lib/gcc/arm-none-eabi/9.3.1/thumb/v7e-m+fp/hard\libgcc.a
LOAD c:/st/stm32cubeide_1.7.0/stm32cubeide/plugins/com.st.stm32cube.ide.mcu.externaltools.gnu-tools-for-stm32.9-2020-q2-update.win32_2.0.0.202105311346/tools/bin/../lib/gcc/arm-none-eabi/9.3.1/../../../../arm-none-eabi/lib/thumb/v7e-m+fp/hard\libc_nano.a
LOAD c:/st/stm32cubeide_1.7.0/stm32cubeide/plugins/com.st.stm32cube.ide.mcu.externaltools.gnu-tools-for-stm32.9-2020-q2-update.win32_2.0.0.202105311346/tools/bin/../lib/gcc/arm-none-eabi/9.3.1/../../../../arm-none-eabi/lib/thumb/v7e-m+fp/hard\libnosys.a
END GROUP
START GROUP
LOAD c:/st/stm32cubeide_1.7.0/stm32cubeide/plugins/com.st.stm32cube.ide.mcu.externaltools.gnu-tools-for-stm32.9-2020-q2-update.win32_2.0.0.202105311346/tools/bin/../lib/gcc/arm-none-eabi/9.3.1/thumb/v7e-m+fp/hard\libgcc.a
LOAD c:/st/stm32cubeide_1.7.0/stm32cubeide/plugins/com.st.stm32cube.ide.mcu.externaltools.gnu-tools-for-stm32.9-2020-q2-update.win32_2.0.0.202105311346/tools/bin/../lib/gcc/arm-none-eabi/9.3.1/../../../../arm-none-eabi/lib/thumb/v7e-m+fp/hard\libc_nano.a
LOAD c:/st/stm32cubeide_1.7.0/stm32cubeide/plugins/com.st.stm32cube.ide.mcu.externaltools.gnu-tools-for-stm32.9-2020-q2-update.win32_2.0.0.202105311346/tools/bin/../lib/gcc/arm-none-eabi/9.3.1/../../../../arm-none-eabi/lib/thumb/v7e-m+fp/hard\libnosys.a
END GROUP
LOAD c:/st/stm32cubeide_1.7.0/stm32cubeide/plugins/com.st.stm32cube.ide.mcu.externaltools.gnu-tools-for-stm32.9-2020-q2-update.win32_2.0.0.202105311346/tools/bin/../lib/gcc/arm-none-eabi/9.3.1/thumb/v7e-m+fp/hard/crtend.o
LOAD c:/st/stm32cubeide_1.7.0/stm32cubeide/plugins/com.st.stm32cube.ide.mcu.externaltools.gnu-tools-for-stm32.9-2020-q2-update.win32_2.0.0.202105311346/tools/bin/../lib/gcc/arm-none-eabi/9.3.1/thumb/v7e-m+fp/hard/crtn.o
                0x000000002000a000                _estack = (ORIGIN (RAM) + LENGTH (RAM))
                0x0000000000000200                _Min_Heap_Size = 0x200
                0x0000000000000400                _Min_Stack_Size = 0x400

.isr_vector     0x0000000008000000      0x188
                0x0000000008000000                . = ALIGN (0x4)
 *(.isr_vector)
 .isr_vector    0x0000000008000000      0x188 ./Core/Startup/startup_stm32f303vctx.o
                0x0000000008000000                g_pfnVectors
                0x0000000008000188                . = ALIGN (0x4)

.text           0x0000000008000190     0xcbf4
                0x0000000008000190                . = ALIGN (0x4)
 *(.text)
 .text          0x0000000008000190       0x40 c:/st/stm32cubeide_1.7.0/stm32cubeide/plugins/com.st.stm32cube.ide.mcu.externaltools.gnu-tools-for-stm32.9-2020-q2-update.win32_2.0.0.202105311346/tools/bin/../lib/gcc/arm-none-eabi/9.3.1/thumb/v7e-m+fp/hard/crtbegin.o
 .text          0x00000000080001d0       0x10 c:/st/stm32cubeide_1.7.0/stm32cubeide/plugins/com.st.stm32cube.ide.mcu.externaltools.gnu-tools-for-stm32.9-2020-q2-update.win32_2.0.0.202105311346/tools/bin/../lib/gcc/arm-none-eabi/9.3.1/../../../../arm-none-eabi/lib/thumb/v7e-m+fp/hard\libc_nano.a(lib_a-strlen.o)
                0x00000000080001d0                strlen
 .text          0x00000000080001e0       0xa0 c:/st/stm32cubeide_1.7.0/stm32cubeide/plugins/com.st.stm32cube.ide.mcu.externaltools.gnu-tools-for-stm32.9-2020-q2-update.win32_2.0.0.202105311346/tools/bin/../lib/gcc/arm-none-eabi/9.3.1/../../../../arm-none-eabi/lib/thumb/v7e-m+fp/hard\libc_nano.a(lib_a-memchr.o)
                0x00000000080001e0                memchr
 *(.text*)
 .text.LiquidCrystal
                0x0000000008000280       0x94 ./Core/Src/LiquidCrystal.o
                0x0000000008000280                LiquidCrystal
 .text.init     0x0000000008000314       0x9c ./Core/Src/LiquidCrystal.o
                0x0000000008000314                init
 .text.begin    0x00000000080003b0      0x220 ./Core/Src/LiquidCrystal.o
                0x00000000080003b0                begin
 .text.enableClock
                0x00000000080005d0      0x128 ./Core/Src/LiquidCrystal.o
                0x00000000080005d0                enableClock
 .text.setRowOffsets
                0x00000000080006f8       0x40 ./Core/Src/LiquidCrystal.o
                0x00000000080006f8                setRowOffsets
 .text.clear    0x0000000008000738       0x14 ./Core/Src/LiquidCrystal.o
                0x0000000008000738                clear
 .text.setCursor
                0x000000000800074c       0x64 ./Core/Src/LiquidCrystal.o
                0x000000000800074c                setCursor
 .text.display  0x00000000080007b0       0x2c ./Core/Src/LiquidCrystal.o
                0x00000000080007b0                display
 .text.print    0x00000000080007dc       0x56 ./Core/Src/LiquidCrystal.o
                0x00000000080007dc                print
 .text.createChar
                0x0000000008000832       0x52 ./Core/Src/LiquidCrystal.o
                0x0000000008000832                createChar
 .text.command  0x0000000008000884       0x1c ./Core/Src/LiquidCrystal.o
                0x0000000008000884                command
 .text.write    0x00000000080008a0       0x1e ./Core/Src/LiquidCrystal.o
                0x00000000080008a0                write
 *fill*         0x00000000080008be        0x2 
 .text.send     0x00000000080008c0       0x7c ./Core/Src/LiquidCrystal.o
                0x00000000080008c0                send
 .text.pulseEnable
                0x000000000800093c       0x54 ./Core/Src/LiquidCrystal.o
                0x000000000800093c                pulseEnable
 .text.write4bits
                0x0000000008000990       0x54 ./Core/Src/LiquidCrystal.o
                0x0000000008000990                write4bits
 .text.write8bits
                0x00000000080009e4       0x54 ./Core/Src/LiquidCrystal.o
                0x00000000080009e4                write8bits
 .text.__NVIC_SystemReset
                0x0000000008000a38       0x2c ./Core/Src/main.o
 .text.start_page
                0x0000000008000a64      0x244 ./Core/Src/main.o
                0x0000000008000a64                start_page
 .text.menu     0x0000000008000ca8      0x148 ./Core/Src/main.o
                0x0000000008000ca8                menu
 .text.about    0x0000000008000df0      0x12c ./Core/Src/main.o
                0x0000000008000df0                about
 .text.startGame
                0x0000000008000f1c      0x3bc ./Core/Src/main.o
                0x0000000008000f1c                startGame
 .text.ship_do  0x00000000080012d8      0x114 ./Core/Src/main.o
                0x00000000080012d8                ship_do
 .text.bullet_1
                0x00000000080013ec       0xa8 ./Core/Src/main.o
                0x00000000080013ec                bullet_1
 .text.bullet_2
                0x0000000008001494       0x8c ./Core/Src/main.o
                0x0000000008001494                bullet_2
 .text.enemy_do
                0x0000000008001520       0x6c ./Core/Src/main.o
                0x0000000008001520                enemy_do
 .text.bump     0x000000000800158c      0x4ac ./Core/Src/main.o
                0x000000000800158c                bump
 .text.victory  0x0000000008001a38       0xec ./Core/Src/main.o
                0x0000000008001a38                victory
 .text.losing   0x0000000008001b24       0xec ./Core/Src/main.o
                0x0000000008001b24                losing
 .text.game_mode1
                0x0000000008001c10      0x460 ./Core/Src/main.o
                0x0000000008001c10                game_mode1
 .text.game_mode2
                0x0000000008002070      0x460 ./Core/Src/main.o
                0x0000000008002070                game_mode2
 .text.game_mode3
                0x00000000080024d0      0x45c ./Core/Src/main.o
                0x00000000080024d0                game_mode3
 .text.boss     0x000000000800292c      0x288 ./Core/Src/main.o
                0x000000000800292c                boss
 .text.bump_bossfight
                0x0000000008002bb4      0x2c4 ./Core/Src/main.o
                0x0000000008002bb4                bump_bossfight
 .text.boss_fight
                0x0000000008002e78      0x45c ./Core/Src/main.o
                0x0000000008002e78                boss_fight
 .text.autoShip
                0x00000000080032d4      0x138 ./Core/Src/main.o
                0x00000000080032d4                autoShip
 .text.setTimeAndDate
                0x000000000800340c       0x4c ./Core/Src/main.o
                0x000000000800340c                setTimeAndDate
 .text.main     0x0000000008003458       0x70 ./Core/Src/main.o
                0x0000000008003458                main
 .text.SystemClock_Config
                0x00000000080034c8       0xd8 ./Core/Src/main.o
                0x00000000080034c8                SystemClock_Config
 .text.MX_ADC1_Init
                0x00000000080035a0       0xe0 ./Core/Src/main.o
 .text.MX_I2C1_Init
                0x0000000008003680       0x80 ./Core/Src/main.o
 .text.MX_RTC_Init
                0x0000000008003700       0xb4 ./Core/Src/main.o
 .text.MX_SPI1_Init
                0x00000000080037b4       0x7c ./Core/Src/main.o
 .text.MX_TIM2_Init
                0x0000000008003830       0xa0 ./Core/Src/main.o
 .text.MX_TIM3_Init
                0x00000000080038d0       0xa0 ./Core/Src/main.o
 .text.MX_TIM4_Init
                0x0000000008003970       0xf0 ./Core/Src/main.o
 .text.MX_TIM6_Init
                0x0000000008003a60       0x70 ./Core/Src/main.o
 .text.MX_USART2_UART_Init
                0x0000000008003ad0       0x60 ./Core/Src/main.o
 .text.MX_USB_PCD_Init
                0x0000000008003b30       0x44 ./Core/Src/main.o
 .text.MX_GPIO_Init
                0x0000000008003b74      0x1c8 ./Core/Src/main.o
 .text.Error_Handler
                0x0000000008003d3c        0xa ./Core/Src/main.o
                0x0000000008003d3c                Error_Handler
 *fill*         0x0000000008003d46        0x2 
 .text.HAL_MspInit
                0x0000000008003d48       0x48 ./Core/Src/stm32f3xx_hal_msp.o
                0x0000000008003d48                HAL_MspInit
 .text.HAL_ADC_MspInit
                0x0000000008003d90       0x88 ./Core/Src/stm32f3xx_hal_msp.o
                0x0000000008003d90                HAL_ADC_MspInit
 .text.HAL_I2C_MspInit
                0x0000000008003e18       0x88 ./Core/Src/stm32f3xx_hal_msp.o
                0x0000000008003e18                HAL_I2C_MspInit
 .text.HAL_RTC_MspInit
                0x0000000008003ea0       0x4c ./Core/Src/stm32f3xx_hal_msp.o
                0x0000000008003ea0                HAL_RTC_MspInit
 .text.HAL_SPI_MspInit
                0x0000000008003eec       0x84 ./Core/Src/stm32f3xx_hal_msp.o
                0x0000000008003eec                HAL_SPI_MspInit
 .text.HAL_TIM_Base_MspInit
                0x0000000008003f70       0xf0 ./Core/Src/stm32f3xx_hal_msp.o
                0x0000000008003f70                HAL_TIM_Base_MspInit
 .text.HAL_TIM_MspPostInit
                0x0000000008004060       0x70 ./Core/Src/stm32f3xx_hal_msp.o
                0x0000000008004060                HAL_TIM_MspPostInit
 .text.HAL_UART_MspInit
                0x00000000080040d0       0x94 ./Core/Src/stm32f3xx_hal_msp.o
                0x00000000080040d0                HAL_UART_MspInit
 .text.HAL_PCD_MspInit
                0x0000000008004164       0x88 ./Core/Src/stm32f3xx_hal_msp.o
                0x0000000008004164                HAL_PCD_MspInit
 .text.PWM_Start
                0x00000000080041ec       0x20 ./Core/Src/stm32f3xx_it.o
                0x00000000080041ec                PWM_Start
 .text.PWM_Change_Tone
                0x000000000800420c      0x17c ./Core/Src/stm32f3xx_it.o
                0x000000000800420c                PWM_Change_Tone
 .text.Change_Melody
                0x0000000008004388       0x38 ./Core/Src/stm32f3xx_it.o
                0x0000000008004388                Change_Melody
 .text.Update_Melody
                0x00000000080043c0       0x8c ./Core/Src/stm32f3xx_it.o
                0x00000000080043c0                Update_Melody
 .text.musicOn  0x000000000800444c       0x1c ./Core/Src/stm32f3xx_it.o
                0x000000000800444c                musicOn
 .text.bump_1   0x0000000008004468       0x14 ./Core/Src/stm32f3xx_it.o
                0x0000000008004468                bump_1
 .text.bump_2   0x000000000800447c       0x14 ./Core/Src/stm32f3xx_it.o
                0x000000000800447c                bump_2
 .text.bump_3   0x0000000008004490       0x14 ./Core/Src/stm32f3xx_it.o
                0x0000000008004490                bump_3
 .text.silent_  0x00000000080044a4       0x14 ./Core/Src/stm32f3xx_it.o
                0x00000000080044a4                silent_
 .text.shot_1   0x00000000080044b8       0x14 ./Core/Src/stm32f3xx_it.o
                0x00000000080044b8                shot_1
 .text.bossfightmelody
                0x00000000080044cc       0x18 ./Core/Src/stm32f3xx_it.o
                0x00000000080044cc                bossfightmelody
 .text.NMI_Handler
                0x00000000080044e4        0x6 ./Core/Src/stm32f3xx_it.o
                0x00000000080044e4                NMI_Handler
 .text.HardFault_Handler
                0x00000000080044ea        0x6 ./Core/Src/stm32f3xx_it.o
                0x00000000080044ea                HardFault_Handler
 .text.MemManage_Handler
                0x00000000080044f0        0x6 ./Core/Src/stm32f3xx_it.o
                0x00000000080044f0                MemManage_Handler
 .text.BusFault_Handler
                0x00000000080044f6        0x6 ./Core/Src/stm32f3xx_it.o
                0x00000000080044f6                BusFault_Handler
 .text.UsageFault_Handler
                0x00000000080044fc        0x6 ./Core/Src/stm32f3xx_it.o
                0x00000000080044fc                UsageFault_Handler
 .text.SVC_Handler
                0x0000000008004502        0xe ./Core/Src/stm32f3xx_it.o
                0x0000000008004502                SVC_Handler
 .text.DebugMon_Handler
                0x0000000008004510        0xe ./Core/Src/stm32f3xx_it.o
                0x0000000008004510                DebugMon_Handler
 .text.PendSV_Handler
                0x000000000800451e        0xe ./Core/Src/stm32f3xx_it.o
                0x000000000800451e                PendSV_Handler
 .text.SysTick_Handler
                0x000000000800452c       0x10 ./Core/Src/stm32f3xx_it.o
                0x000000000800452c                SysTick_Handler
 .text.EXTI0_IRQHandler
                0x000000000800453c       0xd8 ./Core/Src/stm32f3xx_it.o
                0x000000000800453c                EXTI0_IRQHandler
 .text.EXTI1_IRQHandler
                0x0000000008004614       0xd8 ./Core/Src/stm32f3xx_it.o
                0x0000000008004614                EXTI1_IRQHandler
 .text.EXTI2_TSC_IRQHandler
                0x00000000080046ec       0xd8 ./Core/Src/stm32f3xx_it.o
                0x00000000080046ec                EXTI2_TSC_IRQHandler
 .text.EXTI3_IRQHandler
                0x00000000080047c4       0xe4 ./Core/Src/stm32f3xx_it.o
                0x00000000080047c4                EXTI3_IRQHandler
 .text.ADC1_2_IRQHandler
                0x00000000080048a8      0x150 ./Core/Src/stm32f3xx_it.o
                0x00000000080048a8                ADC1_2_IRQHandler
 .text.TIM2_IRQHandler
                0x00000000080049f8      0x124 ./Core/Src/stm32f3xx_it.o
                0x00000000080049f8                TIM2_IRQHandler
 .text.TIM3_IRQHandler
                0x0000000008004b1c      0x124 ./Core/Src/stm32f3xx_it.o
                0x0000000008004b1c                TIM3_IRQHandler
 .text.TIM4_IRQHandler
                0x0000000008004c40       0x14 ./Core/Src/stm32f3xx_it.o
                0x0000000008004c40                TIM4_IRQHandler
 .text.USART2_IRQHandler
                0x0000000008004c54       0xac ./Core/Src/stm32f3xx_it.o
                0x0000000008004c54                USART2_IRQHandler
 .text.TIM6_DAC_IRQHandler
                0x0000000008004d00      0x14c ./Core/Src/stm32f3xx_it.o
                0x0000000008004d00                TIM6_DAC_IRQHandler
 .text._getpid  0x0000000008004e4c       0x10 ./Core/Src/syscalls.o
                0x0000000008004e4c                _getpid
 .text._kill    0x0000000008004e5c       0x20 ./Core/Src/syscalls.o
                0x0000000008004e5c                _kill
 .text._exit    0x0000000008004e7c       0x14 ./Core/Src/syscalls.o
                0x0000000008004e7c                _exit
 .text._read    0x0000000008004e90       0x3a ./Core/Src/syscalls.o
                0x0000000008004e90                _read
 .text._write   0x0000000008004eca       0x38 ./Core/Src/syscalls.o
                0x0000000008004eca                _write
 .text._close   0x0000000008004f02       0x18 ./Core/Src/syscalls.o
                0x0000000008004f02                _close
 .text._fstat   0x0000000008004f1a       0x20 ./Core/Src/syscalls.o
                0x0000000008004f1a                _fstat
 .text._isatty  0x0000000008004f3a       0x16 ./Core/Src/syscalls.o
                0x0000000008004f3a                _isatty
 .text._lseek   0x0000000008004f50       0x1a ./Core/Src/syscalls.o
                0x0000000008004f50                _lseek
 *fill*         0x0000000008004f6a        0x2 
 .text._sbrk    0x0000000008004f6c       0x6c ./Core/Src/sysmem.o
                0x0000000008004f6c                _sbrk
 .text.SystemInit
                0x0000000008004fd8       0x24 ./Core/Src/system_stm32f3xx.o
                0x0000000008004fd8                SystemInit
 .text.Reset_Handler
                0x0000000008004ffc       0x50 ./Core/Startup/startup_stm32f303vctx.o
                0x0000000008004ffc                Reset_Handler
 .text.Default_Handler
                0x000000000800504c        0x2 ./Core/Startup/startup_stm32f303vctx.o
                0x000000000800504c                RTC_Alarm_IRQHandler
                0x000000000800504c                TIM8_TRG_COM_IRQHandler
                0x000000000800504c                TIM8_CC_IRQHandler
                0x000000000800504c                TIM1_CC_IRQHandler
                0x000000000800504c                USB_HP_IRQHandler
                0x000000000800504c                PVD_IRQHandler
                0x000000000800504c                TAMP_STAMP_IRQHandler
                0x000000000800504c                USB_HP_CAN_TX_IRQHandler
                0x000000000800504c                I2C2_EV_IRQHandler
                0x000000000800504c                FPU_IRQHandler
                0x000000000800504c                TIM1_UP_TIM16_IRQHandler
                0x000000000800504c                SPI1_IRQHandler
                0x000000000800504c                CAN_SCE_IRQHandler
                0x000000000800504c                TIM8_UP_IRQHandler
                0x000000000800504c                DMA2_Channel2_IRQHandler
                0x000000000800504c                DMA1_Channel4_IRQHandler
                0x000000000800504c                USART3_IRQHandler
                0x000000000800504c                DMA1_Channel7_IRQHandler
                0x000000000800504c                UART5_IRQHandler
                0x000000000800504c                ADC3_IRQHandler
                0x000000000800504c                CAN_RX1_IRQHandler
                0x000000000800504c                DMA2_Channel1_IRQHandler
                0x000000000800504c                I2C1_EV_IRQHandler
                0x000000000800504c                DMA1_Channel6_IRQHandler
                0x000000000800504c                UART4_IRQHandler
                0x000000000800504c                DMA2_Channel4_IRQHandler
                0x000000000800504c                RCC_IRQHandler
                0x000000000800504c                DMA1_Channel1_IRQHandler
                0x000000000800504c                Default_Handler
                0x000000000800504c                USBWakeUp_RMP_IRQHandler
                0x000000000800504c                EXTI15_10_IRQHandler
                0x000000000800504c                TIM7_IRQHandler
                0x000000000800504c                EXTI9_5_IRQHandler
                0x000000000800504c                RTC_WKUP_IRQHandler
                0x000000000800504c                SPI2_IRQHandler
                0x000000000800504c                USB_LP_CAN_RX0_IRQHandler
                0x000000000800504c                DMA2_Channel5_IRQHandler
                0x000000000800504c                DMA1_Channel5_IRQHandler
                0x000000000800504c                USB_LP_IRQHandler
                0x000000000800504c                EXTI4_IRQHandler
                0x000000000800504c                TIM1_TRG_COM_TIM17_IRQHandler
                0x000000000800504c                DMA1_Channel3_IRQHandler
                0x000000000800504c                ADC4_IRQHandler
                0x000000000800504c                WWDG_IRQHandler
                0x000000000800504c                COMP7_IRQHandler
                0x000000000800504c                COMP1_2_3_IRQHandler
                0x000000000800504c                COMP4_5_6_IRQHandler
                0x000000000800504c                I2C2_ER_IRQHandler
                0x000000000800504c                DMA1_Channel2_IRQHandler
                0x000000000800504c                TIM8_BRK_IRQHandler
                0x000000000800504c                FLASH_IRQHandler
                0x000000000800504c                USART1_IRQHandler
                0x000000000800504c                SPI3_IRQHandler
                0x000000000800504c                I2C1_ER_IRQHandler
                0x000000000800504c                USBWakeUp_IRQHandler
                0x000000000800504c                DMA2_Channel3_IRQHandler
                0x000000000800504c                TIM1_BRK_TIM15_IRQHandler
 *fill*         0x000000000800504e        0x2 
 .text.HAL_Init
                0x0000000008005050       0x2c ./Drivers/STM32F3xx_HAL_Driver/Src/stm32f3xx_hal.o
                0x0000000008005050                HAL_Init
 .text.HAL_InitTick
                0x000000000800507c       0x60 ./Drivers/STM32F3xx_HAL_Driver/Src/stm32f3xx_hal.o
                0x000000000800507c                HAL_InitTick
 .text.HAL_IncTick
                0x00000000080050dc       0x28 ./Drivers/STM32F3xx_HAL_Driver/Src/stm32f3xx_hal.o
                0x00000000080050dc                HAL_IncTick
 .text.HAL_GetTick
                0x0000000008005104       0x18 ./Drivers/STM32F3xx_HAL_Driver/Src/stm32f3xx_hal.o
                0x0000000008005104                HAL_GetTick
 .text.HAL_Delay
                0x000000000800511c       0x48 ./Drivers/STM32F3xx_HAL_Driver/Src/stm32f3xx_hal.o
                0x000000000800511c                HAL_Delay
 .text.HAL_ADC_ConvCpltCallback
                0x0000000008005164       0x14 ./Drivers/STM32F3xx_HAL_Driver/Src/stm32f3xx_hal_adc.o
                0x0000000008005164                HAL_ADC_ConvCpltCallback
 .text.HAL_ADC_LevelOutOfWindowCallback
                0x0000000008005178       0x14 ./Drivers/STM32F3xx_HAL_Driver/Src/stm32f3xx_hal_adc.o
                0x0000000008005178                HAL_ADC_LevelOutOfWindowCallback
 .text.HAL_ADC_ErrorCallback
                0x000000000800518c       0x14 ./Drivers/STM32F3xx_HAL_Driver/Src/stm32f3xx_hal_adc.o
                0x000000000800518c                HAL_ADC_ErrorCallback
 .text.HAL_ADC_Init
                0x00000000080051a0      0x3c0 ./Drivers/STM32F3xx_HAL_Driver/Src/stm32f3xx_hal_adc_ex.o
                0x00000000080051a0                HAL_ADC_Init
 .text.HAL_ADC_Start_IT
                0x0000000008005560      0x280 ./Drivers/STM32F3xx_HAL_Driver/Src/stm32f3xx_hal_adc_ex.o
                0x0000000008005560                HAL_ADC_Start_IT
 .text.HAL_ADC_GetValue
                0x00000000080057e0       0x1a ./Drivers/STM32F3xx_HAL_Driver/Src/stm32f3xx_hal_adc_ex.o
                0x00000000080057e0                HAL_ADC_GetValue
 *fill*         0x00000000080057fa        0x2 
 .text.HAL_ADC_IRQHandler
                0x00000000080057fc      0x618 ./Drivers/STM32F3xx_HAL_Driver/Src/stm32f3xx_hal_adc_ex.o
                0x00000000080057fc                HAL_ADC_IRQHandler
 .text.HAL_ADCEx_InjectedConvCpltCallback
                0x0000000008005e14       0x14 ./Drivers/STM32F3xx_HAL_Driver/Src/stm32f3xx_hal_adc_ex.o
                0x0000000008005e14                HAL_ADCEx_InjectedConvCpltCallback
 .text.HAL_ADCEx_InjectedQueueOverflowCallback
                0x0000000008005e28       0x14 ./Drivers/STM32F3xx_HAL_Driver/Src/stm32f3xx_hal_adc_ex.o
                0x0000000008005e28                HAL_ADCEx_InjectedQueueOverflowCallback
 .text.HAL_ADCEx_LevelOutOfWindow2Callback
                0x0000000008005e3c       0x14 ./Drivers/STM32F3xx_HAL_Driver/Src/stm32f3xx_hal_adc_ex.o
                0x0000000008005e3c                HAL_ADCEx_LevelOutOfWindow2Callback
 .text.HAL_ADCEx_LevelOutOfWindow3Callback
                0x0000000008005e50       0x14 ./Drivers/STM32F3xx_HAL_Driver/Src/stm32f3xx_hal_adc_ex.o
                0x0000000008005e50                HAL_ADCEx_LevelOutOfWindow3Callback
 .text.HAL_ADC_ConfigChannel
                0x0000000008005e64      0x5d8 ./Drivers/STM32F3xx_HAL_Driver/Src/stm32f3xx_hal_adc_ex.o
                0x0000000008005e64                HAL_ADC_ConfigChannel
 .text.HAL_ADCEx_MultiModeConfigChannel
                0x000000000800643c      0x1e4 ./Drivers/STM32F3xx_HAL_Driver/Src/stm32f3xx_hal_adc_ex.o
                0x000000000800643c                HAL_ADCEx_MultiModeConfigChannel
 .text.ADC_Enable
                0x0000000008006620       0xc8 ./Drivers/STM32F3xx_HAL_Driver/Src/stm32f3xx_hal_adc_ex.o
 .text.ADC_Disable
                0x00000000080066e8       0xcc ./Drivers/STM32F3xx_HAL_Driver/Src/stm32f3xx_hal_adc_ex.o
 .text.__NVIC_SetPriorityGrouping
                0x00000000080067b4       0x48 ./Drivers/STM32F3xx_HAL_Driver/Src/stm32f3xx_hal_cortex.o
 .text.__NVIC_GetPriorityGrouping
                0x00000000080067fc       0x1c ./Drivers/STM32F3xx_HAL_Driver/Src/stm32f3xx_hal_cortex.o
 .text.__NVIC_EnableIRQ
                0x0000000008006818       0x3c ./Drivers/STM32F3xx_HAL_Driver/Src/stm32f3xx_hal_cortex.o
 .text.__NVIC_SetPriority
                0x0000000008006854       0x54 ./Drivers/STM32F3xx_HAL_Driver/Src/stm32f3xx_hal_cortex.o
 .text.NVIC_EncodePriority
                0x00000000080068a8       0x66 ./Drivers/STM32F3xx_HAL_Driver/Src/stm32f3xx_hal_cortex.o
 *fill*         0x000000000800690e        0x2 
 .text.SysTick_Config
                0x0000000008006910       0x44 ./Drivers/STM32F3xx_HAL_Driver/Src/stm32f3xx_hal_cortex.o
 .text.HAL_NVIC_SetPriorityGrouping
                0x0000000008006954       0x16 ./Drivers/STM32F3xx_HAL_Driver/Src/stm32f3xx_hal_cortex.o
                0x0000000008006954                HAL_NVIC_SetPriorityGrouping
 .text.HAL_NVIC_SetPriority
                0x000000000800696a       0x38 ./Drivers/STM32F3xx_HAL_Driver/Src/stm32f3xx_hal_cortex.o
                0x000000000800696a                HAL_NVIC_SetPriority
 .text.HAL_NVIC_EnableIRQ
                0x00000000080069a2       0x1c ./Drivers/STM32F3xx_HAL_Driver/Src/stm32f3xx_hal_cortex.o
                0x00000000080069a2                HAL_NVIC_EnableIRQ
 .text.HAL_SYSTICK_Config
                0x00000000080069be       0x18 ./Drivers/STM32F3xx_HAL_Driver/Src/stm32f3xx_hal_cortex.o
                0x00000000080069be                HAL_SYSTICK_Config
 .text.HAL_DMA_Abort
                0x00000000080069d6       0x72 ./Drivers/STM32F3xx_HAL_Driver/Src/stm32f3xx_hal_dma.o
                0x00000000080069d6                HAL_DMA_Abort
 .text.HAL_DMA_Abort_IT
                0x0000000008006a48       0x7c ./Drivers/STM32F3xx_HAL_Driver/Src/stm32f3xx_hal_dma.o
                0x0000000008006a48                HAL_DMA_Abort_IT
 .text.HAL_GPIO_Init
                0x0000000008006ac4      0x2f4 ./Drivers/STM32F3xx_HAL_Driver/Src/stm32f3xx_hal_gpio.o
                0x0000000008006ac4                HAL_GPIO_Init
 .text.HAL_GPIO_ReadPin
                0x0000000008006db8       0x30 ./Drivers/STM32F3xx_HAL_Driver/Src/stm32f3xx_hal_gpio.o
                0x0000000008006db8                HAL_GPIO_ReadPin
 .text.HAL_GPIO_WritePin
                0x0000000008006de8       0x30 ./Drivers/STM32F3xx_HAL_Driver/Src/stm32f3xx_hal_gpio.o
                0x0000000008006de8                HAL_GPIO_WritePin
 .text.HAL_GPIO_EXTI_IRQHandler
                0x0000000008006e18       0x30 ./Drivers/STM32F3xx_HAL_Driver/Src/stm32f3xx_hal_gpio.o
                0x0000000008006e18                HAL_GPIO_EXTI_IRQHandler
 .text.HAL_GPIO_EXTI_Callback
                0x0000000008006e48       0x16 ./Drivers/STM32F3xx_HAL_Driver/Src/stm32f3xx_hal_gpio.o
                0x0000000008006e48                HAL_GPIO_EXTI_Callback
 .text.HAL_I2C_Init
                0x0000000008006e5e      0x11e ./Drivers/STM32F3xx_HAL_Driver/Src/stm32f3xx_hal_i2c.o
                0x0000000008006e5e                HAL_I2C_Init
 .text.HAL_I2CEx_ConfigAnalogFilter
                0x0000000008006f7c       0x96 ./Drivers/STM32F3xx_HAL_Driver/Src/stm32f3xx_hal_i2c_ex.o
                0x0000000008006f7c                HAL_I2CEx_ConfigAnalogFilter
 .text.HAL_I2CEx_ConfigDigitalFilter
                0x0000000008007012       0x98 ./Drivers/STM32F3xx_HAL_Driver/Src/stm32f3xx_hal_i2c_ex.o
                0x0000000008007012                HAL_I2CEx_ConfigDigitalFilter
 .text.HAL_PCD_Init
                0x00000000080070aa      0x1bc ./Drivers/STM32F3xx_HAL_Driver/Src/stm32f3xx_hal_pcd.o
                0x00000000080070aa                HAL_PCD_Init
 *fill*         0x0000000008007266        0x2 
 .text.HAL_RCC_OscConfig
                0x0000000008007268      0xe10 ./Drivers/STM32F3xx_HAL_Driver/Src/stm32f3xx_hal_rcc.o
                0x0000000008007268                HAL_RCC_OscConfig
 .text.HAL_RCC_ClockConfig
                0x0000000008008078      0x2f8 ./Drivers/STM32F3xx_HAL_Driver/Src/stm32f3xx_hal_rcc.o
                0x0000000008008078                HAL_RCC_ClockConfig
 .text.HAL_RCC_GetSysClockFreq
                0x0000000008008370       0xd4 ./Drivers/STM32F3xx_HAL_Driver/Src/stm32f3xx_hal_rcc.o
                0x0000000008008370                HAL_RCC_GetSysClockFreq
 .text.HAL_RCC_GetHCLKFreq
                0x0000000008008444       0x18 ./Drivers/STM32F3xx_HAL_Driver/Src/stm32f3xx_hal_rcc.o
                0x0000000008008444                HAL_RCC_GetHCLKFreq
 .text.HAL_RCC_GetPCLK1Freq
                0x000000000800845c       0x44 ./Drivers/STM32F3xx_HAL_Driver/Src/stm32f3xx_hal_rcc.o
                0x000000000800845c                HAL_RCC_GetPCLK1Freq
 .text.HAL_RCC_GetPCLK2Freq
                0x00000000080084a0       0x44 ./Drivers/STM32F3xx_HAL_Driver/Src/stm32f3xx_hal_rcc.o
                0x00000000080084a0                HAL_RCC_GetPCLK2Freq
 .text.HAL_RCCEx_PeriphCLKConfig
                0x00000000080084e4      0x360 ./Drivers/STM32F3xx_HAL_Driver/Src/stm32f3xx_hal_rcc_ex.o
                0x00000000080084e4                HAL_RCCEx_PeriphCLKConfig
 .text.HAL_RTC_Init
                0x0000000008008844      0x122 ./Drivers/STM32F3xx_HAL_Driver/Src/stm32f3xx_hal_rtc.o
                0x0000000008008844                HAL_RTC_Init
 .text.HAL_RTC_SetTime
                0x0000000008008966      0x17a ./Drivers/STM32F3xx_HAL_Driver/Src/stm32f3xx_hal_rtc.o
                0x0000000008008966                HAL_RTC_SetTime
 .text.HAL_RTC_GetTime
                0x0000000008008ae0       0xbc ./Drivers/STM32F3xx_HAL_Driver/Src/stm32f3xx_hal_rtc.o
                0x0000000008008ae0                HAL_RTC_GetTime
 .text.HAL_RTC_SetDate
                0x0000000008008b9c      0x14e ./Drivers/STM32F3xx_HAL_Driver/Src/stm32f3xx_hal_rtc.o
                0x0000000008008b9c                HAL_RTC_SetDate
 .text.HAL_RTC_GetDate
                0x0000000008008cea       0x9e ./Drivers/STM32F3xx_HAL_Driver/Src/stm32f3xx_hal_rtc.o
                0x0000000008008cea                HAL_RTC_GetDate
 .text.HAL_RTC_WaitForSynchro
                0x0000000008008d88       0x50 ./Drivers/STM32F3xx_HAL_Driver/Src/stm32f3xx_hal_rtc.o
                0x0000000008008d88                HAL_RTC_WaitForSynchro
 .text.RTC_EnterInitMode
                0x0000000008008dd8       0x58 ./Drivers/STM32F3xx_HAL_Driver/Src/stm32f3xx_hal_rtc.o
                0x0000000008008dd8                RTC_EnterInitMode
 .text.RTC_ByteToBcd2
                0x0000000008008e30       0x3c ./Drivers/STM32F3xx_HAL_Driver/Src/stm32f3xx_hal_rtc.o
                0x0000000008008e30                RTC_ByteToBcd2
 .text.RTC_Bcd2ToByte
                0x0000000008008e6c       0x3c ./Drivers/STM32F3xx_HAL_Driver/Src/stm32f3xx_hal_rtc.o
                0x0000000008008e6c                RTC_Bcd2ToByte
 .text.HAL_SPI_Init
                0x0000000008008ea8      0x156 ./Drivers/STM32F3xx_HAL_Driver/Src/stm32f3xx_hal_spi.o
                0x0000000008008ea8                HAL_SPI_Init
 .text.HAL_TIM_Base_Init
                0x0000000008008ffe       0xae ./Drivers/STM32F3xx_HAL_Driver/Src/stm32f3xx_hal_tim.o
                0x0000000008008ffe                HAL_TIM_Base_Init
 .text.HAL_TIM_Base_Start_IT
                0x00000000080090ac       0xd4 ./Drivers/STM32F3xx_HAL_Driver/Src/stm32f3xx_hal_tim.o
                0x00000000080090ac                HAL_TIM_Base_Start_IT
 .text.HAL_TIM_PWM_Init
                0x0000000008009180       0xae ./Drivers/STM32F3xx_HAL_Driver/Src/stm32f3xx_hal_tim.o
                0x0000000008009180                HAL_TIM_PWM_Init
 .text.HAL_TIM_PWM_MspInit
                0x000000000800922e       0x14 ./Drivers/STM32F3xx_HAL_Driver/Src/stm32f3xx_hal_tim.o
                0x000000000800922e                HAL_TIM_PWM_MspInit
 *fill*         0x0000000008009242        0x2 
 .text.HAL_TIM_PWM_Start
                0x0000000008009244      0x200 ./Drivers/STM32F3xx_HAL_Driver/Src/stm32f3xx_hal_tim.o
                0x0000000008009244                HAL_TIM_PWM_Start
 .text.HAL_TIM_IRQHandler
                0x0000000008009444      0x23e ./Drivers/STM32F3xx_HAL_Driver/Src/stm32f3xx_hal_tim.o
                0x0000000008009444                HAL_TIM_IRQHandler
 *fill*         0x0000000008009682        0x2 
 .text.HAL_TIM_PWM_ConfigChannel
                0x0000000008009684      0x228 ./Drivers/STM32F3xx_HAL_Driver/Src/stm32f3xx_hal_tim.o
                0x0000000008009684                HAL_TIM_PWM_ConfigChannel
 .text.HAL_TIM_ConfigClockSource
                0x00000000080098ac      0x192 ./Drivers/STM32F3xx_HAL_Driver/Src/stm32f3xx_hal_tim.o
                0x00000000080098ac                HAL_TIM_ConfigClockSource
 .text.HAL_TIM_PeriodElapsedCallback
                0x0000000008009a3e       0x14 ./Drivers/STM32F3xx_HAL_Driver/Src/stm32f3xx_hal_tim.o
                0x0000000008009a3e                HAL_TIM_PeriodElapsedCallback
 .text.HAL_TIM_OC_DelayElapsedCallback
                0x0000000008009a52       0x14 ./Drivers/STM32F3xx_HAL_Driver/Src/stm32f3xx_hal_tim.o
                0x0000000008009a52                HAL_TIM_OC_DelayElapsedCallback
 .text.HAL_TIM_IC_CaptureCallback
                0x0000000008009a66       0x14 ./Drivers/STM32F3xx_HAL_Driver/Src/stm32f3xx_hal_tim.o
                0x0000000008009a66                HAL_TIM_IC_CaptureCallback
 .text.HAL_TIM_PWM_PulseFinishedCallback
                0x0000000008009a7a       0x14 ./Drivers/STM32F3xx_HAL_Driver/Src/stm32f3xx_hal_tim.o
                0x0000000008009a7a                HAL_TIM_PWM_PulseFinishedCallback
 .text.HAL_TIM_TriggerCallback
                0x0000000008009a8e       0x14 ./Drivers/STM32F3xx_HAL_Driver/Src/stm32f3xx_hal_tim.o
                0x0000000008009a8e                HAL_TIM_TriggerCallback
 *fill*         0x0000000008009aa2        0x2 
 .text.TIM_Base_SetConfig
                0x0000000008009aa4      0x120 ./Drivers/STM32F3xx_HAL_Driver/Src/stm32f3xx_hal_tim.o
                0x0000000008009aa4                TIM_Base_SetConfig
 .text.TIM_OC1_SetConfig
                0x0000000008009bc4      0x120 ./Drivers/STM32F3xx_HAL_Driver/Src/stm32f3xx_hal_tim.o
 .text.TIM_OC2_SetConfig
                0x0000000008009ce4      0x114 ./Drivers/STM32F3xx_HAL_Driver/Src/stm32f3xx_hal_tim.o
                0x0000000008009ce4                TIM_OC2_SetConfig
 .text.TIM_OC3_SetConfig
                0x0000000008009df8      0x110 ./Drivers/STM32F3xx_HAL_Driver/Src/stm32f3xx_hal_tim.o
 .text.TIM_OC4_SetConfig
                0x0000000008009f08       0xd4 ./Drivers/STM32F3xx_HAL_Driver/Src/stm32f3xx_hal_tim.o
 .text.TIM_OC5_SetConfig
                0x0000000008009fdc       0xc8 ./Drivers/STM32F3xx_HAL_Driver/Src/stm32f3xx_hal_tim.o
 .text.TIM_OC6_SetConfig
                0x000000000800a0a4       0xcc ./Drivers/STM32F3xx_HAL_Driver/Src/stm32f3xx_hal_tim.o
 .text.TIM_TI1_ConfigInputStage
                0x000000000800a170       0x5e ./Drivers/STM32F3xx_HAL_Driver/Src/stm32f3xx_hal_tim.o
 .text.TIM_TI2_ConfigInputStage
                0x000000000800a1ce       0x60 ./Drivers/STM32F3xx_HAL_Driver/Src/stm32f3xx_hal_tim.o
 .text.TIM_ITRx_SetConfig
                0x000000000800a22e       0x36 ./Drivers/STM32F3xx_HAL_Driver/Src/stm32f3xx_hal_tim.o
 .text.TIM_ETR_SetConfig
                0x000000000800a264       0x40 ./Drivers/STM32F3xx_HAL_Driver/Src/stm32f3xx_hal_tim.o
                0x000000000800a264                TIM_ETR_SetConfig
 .text.TIM_CCxChannelCmd
                0x000000000800a2a4       0x4a ./Drivers/STM32F3xx_HAL_Driver/Src/stm32f3xx_hal_tim.o
                0x000000000800a2a4                TIM_CCxChannelCmd
 *fill*         0x000000000800a2ee        0x2 
 .text.HAL_TIMEx_MasterConfigSynchronization
                0x000000000800a2f0      0x100 ./Drivers/STM32F3xx_HAL_Driver/Src/stm32f3xx_hal_tim_ex.o
                0x000000000800a2f0                HAL_TIMEx_MasterConfigSynchronization
 .text.HAL_TIMEx_CommutCallback
                0x000000000800a3f0       0x14 ./Drivers/STM32F3xx_HAL_Driver/Src/stm32f3xx_hal_tim_ex.o
                0x000000000800a3f0                HAL_TIMEx_CommutCallback
 .text.HAL_TIMEx_BreakCallback
                0x000000000800a404       0x14 ./Drivers/STM32F3xx_HAL_Driver/Src/stm32f3xx_hal_tim_ex.o
                0x000000000800a404                HAL_TIMEx_BreakCallback
 .text.HAL_TIMEx_Break2Callback
                0x000000000800a418       0x14 ./Drivers/STM32F3xx_HAL_Driver/Src/stm32f3xx_hal_tim_ex.o
                0x000000000800a418                HAL_TIMEx_Break2Callback
 .text.HAL_UART_Init
                0x000000000800a42c       0x9c ./Drivers/STM32F3xx_HAL_Driver/Src/stm32f3xx_hal_uart.o
                0x000000000800a42c                HAL_UART_Init
 .text.HAL_UART_Transmit
                0x000000000800a4c8      0x128 ./Drivers/STM32F3xx_HAL_Driver/Src/stm32f3xx_hal_uart.o
                0x000000000800a4c8                HAL_UART_Transmit
 .text.HAL_UART_Receive_IT
                0x000000000800a5f0       0x9c ./Drivers/STM32F3xx_HAL_Driver/Src/stm32f3xx_hal_uart.o
                0x000000000800a5f0                HAL_UART_Receive_IT
 .text.HAL_UART_IRQHandler
                0x000000000800a68c      0x5bc ./Drivers/STM32F3xx_HAL_Driver/Src/stm32f3xx_hal_uart.o
                0x000000000800a68c                HAL_UART_IRQHandler
 .text.HAL_UART_TxCpltCallback
                0x000000000800ac48       0x14 ./Drivers/STM32F3xx_HAL_Driver/Src/stm32f3xx_hal_uart.o
                0x000000000800ac48                HAL_UART_TxCpltCallback
 .text.HAL_UART_RxCpltCallback
                0x000000000800ac5c       0x14 ./Drivers/STM32F3xx_HAL_Driver/Src/stm32f3xx_hal_uart.o
                0x000000000800ac5c                HAL_UART_RxCpltCallback
 .text.HAL_UART_ErrorCallback
                0x000000000800ac70       0x14 ./Drivers/STM32F3xx_HAL_Driver/Src/stm32f3xx_hal_uart.o
                0x000000000800ac70                HAL_UART_ErrorCallback
 .text.HAL_UARTEx_RxEventCallback
                0x000000000800ac84       0x18 ./Drivers/STM32F3xx_HAL_Driver/Src/stm32f3xx_hal_uart.o
                0x000000000800ac84                HAL_UARTEx_RxEventCallback
 .text.UART_SetConfig
                0x000000000800ac9c      0x3a8 ./Drivers/STM32F3xx_HAL_Driver/Src/stm32f3xx_hal_uart.o
                0x000000000800ac9c                UART_SetConfig
 .text.UART_AdvFeatureConfig
                0x000000000800b044      0x144 ./Drivers/STM32F3xx_HAL_Driver/Src/stm32f3xx_hal_uart.o
                0x000000000800b044                UART_AdvFeatureConfig
 .text.UART_CheckIdleState
                0x000000000800b188       0x92 ./Drivers/STM32F3xx_HAL_Driver/Src/stm32f3xx_hal_uart.o
                0x000000000800b188                UART_CheckIdleState
 .text.UART_WaitOnFlagUntilTimeout
                0x000000000800b21a      0x188 ./Drivers/STM32F3xx_HAL_Driver/Src/stm32f3xx_hal_uart.o
                0x000000000800b21a                UART_WaitOnFlagUntilTimeout
 *fill*         0x000000000800b3a2        0x2 
 .text.UART_Start_Receive_IT
                0x000000000800b3a4      0x130 ./Drivers/STM32F3xx_HAL_Driver/Src/stm32f3xx_hal_uart.o
                0x000000000800b3a4                UART_Start_Receive_IT
 .text.UART_EndRxTransfer
                0x000000000800b4d4       0xc6 ./Drivers/STM32F3xx_HAL_Driver/Src/stm32f3xx_hal_uart.o
 .text.UART_DMAAbortOnError
                0x000000000800b59a       0x2c ./Drivers/STM32F3xx_HAL_Driver/Src/stm32f3xx_hal_uart.o
 .text.UART_EndTransmit_IT
                0x000000000800b5c6       0x54 ./Drivers/STM32F3xx_HAL_Driver/Src/stm32f3xx_hal_uart.o
 .text.UART_RxISR_8BIT
                0x000000000800b61a      0x15c ./Drivers/STM32F3xx_HAL_Driver/Src/stm32f3xx_hal_uart.o
 .text.UART_RxISR_16BIT
                0x000000000800b776      0x15c ./Drivers/STM32F3xx_HAL_Driver/Src/stm32f3xx_hal_uart.o
 .text.HAL_UARTEx_WakeupCallback
                0x000000000800b8d2       0x14 ./Drivers/STM32F3xx_HAL_Driver/Src/stm32f3xx_hal_uart_ex.o
                0x000000000800b8d2                HAL_UARTEx_WakeupCallback
 .text.USB_DisableGlobalInt
                0x000000000800b8e6       0x36 ./Drivers/STM32F3xx_HAL_Driver/Src/stm32f3xx_ll_usb.o
                0x000000000800b8e6                USB_DisableGlobalInt
 .text.USB_DevInit
                0x000000000800b91c       0x42 ./Drivers/STM32F3xx_HAL_Driver/Src/stm32f3xx_ll_usb.o
                0x000000000800b91c                USB_DevInit
 *fill*         0x000000000800b95e        0x2 
 .text.__errno  0x000000000800b960        0xc c:/st/stm32cubeide_1.7.0/stm32cubeide/plugins/com.st.stm32cube.ide.mcu.externaltools.gnu-tools-for-stm32.9-2020-q2-update.win32_2.0.0.202105311346/tools/bin/../lib/gcc/arm-none-eabi/9.3.1/../../../../arm-none-eabi/lib/thumb/v7e-m+fp/hard\libc_nano.a(lib_a-errno.o)
                0x000000000800b960                __errno
 .text.__libc_init_array
                0x000000000800b96c       0x48 c:/st/stm32cubeide_1.7.0/stm32cubeide/plugins/com.st.stm32cube.ide.mcu.externaltools.gnu-tools-for-stm32.9-2020-q2-update.win32_2.0.0.202105311346/tools/bin/../lib/gcc/arm-none-eabi/9.3.1/../../../../arm-none-eabi/lib/thumb/v7e-m+fp/hard\libc_nano.a(lib_a-init.o)
                0x000000000800b96c                __libc_init_array
 .text.memset   0x000000000800b9b4       0x10 c:/st/stm32cubeide_1.7.0/stm32cubeide/plugins/com.st.stm32cube.ide.mcu.externaltools.gnu-tools-for-stm32.9-2020-q2-update.win32_2.0.0.202105311346/tools/bin/../lib/gcc/arm-none-eabi/9.3.1/../../../../arm-none-eabi/lib/thumb/v7e-m+fp/hard\libc_nano.a(lib_a-memset.o)
                0x000000000800b9b4                memset
 .text.rand     0x000000000800b9c4       0x80 c:/st/stm32cubeide_1.7.0/stm32cubeide/plugins/com.st.stm32cube.ide.mcu.externaltools.gnu-tools-for-stm32.9-2020-q2-update.win32_2.0.0.202105311346/tools/bin/../lib/gcc/arm-none-eabi/9.3.1/../../../../arm-none-eabi/lib/thumb/v7e-m+fp/hard\libc_nano.a(lib_a-rand.o)
                0x000000000800b9c4                rand
 .text.sprintf  0x000000000800ba44       0x40 c:/st/stm32cubeide_1.7.0/stm32cubeide/plugins/com.st.stm32cube.ide.mcu.externaltools.gnu-tools-for-stm32.9-2020-q2-update.win32_2.0.0.202105311346/tools/bin/../lib/gcc/arm-none-eabi/9.3.1/../../../../arm-none-eabi/lib/thumb/v7e-m+fp/hard\libc_nano.a(lib_a-sprintf.o)
                0x000000000800ba44                siprintf
                0x000000000800ba44                sprintf
 .text.__assert_func
                0x000000000800ba84       0x3c c:/st/stm32cubeide_1.7.0/stm32cubeide/plugins/com.st.stm32cube.ide.mcu.externaltools.gnu-tools-for-stm32.9-2020-q2-update.win32_2.0.0.202105311346/tools/bin/../lib/gcc/arm-none-eabi/9.3.1/../../../../arm-none-eabi/lib/thumb/v7e-m+fp/hard\libc_nano.a(lib_a-assert.o)
                0x000000000800ba84                __assert_func
 .text.fprintf  0x000000000800bac0       0x24 c:/st/stm32cubeide_1.7.0/stm32cubeide/plugins/com.st.stm32cube.ide.mcu.externaltools.gnu-tools-for-stm32.9-2020-q2-update.win32_2.0.0.202105311346/tools/bin/../lib/gcc/arm-none-eabi/9.3.1/../../../../arm-none-eabi/lib/thumb/v7e-m+fp/hard\libc_nano.a(lib_a-fprintf.o)
                0x000000000800bac0                fiprintf
                0x000000000800bac0                fprintf
 .text.malloc   0x000000000800bae4       0x10 c:/st/stm32cubeide_1.7.0/stm32cubeide/plugins/com.st.stm32cube.ide.mcu.externaltools.gnu-tools-for-stm32.9-2020-q2-update.win32_2.0.0.202105311346/tools/bin/../lib/gcc/arm-none-eabi/9.3.1/../../../../arm-none-eabi/lib/thumb/v7e-m+fp/hard\libc_nano.a(lib_a-malloc.o)
                0x000000000800bae4                malloc
 .text._free_r  0x000000000800baf4       0xa0 c:/st/stm32cubeide_1.7.0/stm32cubeide/plugins/com.st.stm32cube.ide.mcu.externaltools.gnu-tools-for-stm32.9-2020-q2-update.win32_2.0.0.202105311346/tools/bin/../lib/gcc/arm-none-eabi/9.3.1/../../../../arm-none-eabi/lib/thumb/v7e-m+fp/hard\libc_nano.a(lib_a-nano-freer.o)
                0x000000000800baf4                _free_r
 .text._malloc_r
                0x000000000800bb94       0xb4 c:/st/stm32cubeide_1.7.0/stm32cubeide/plugins/com.st.stm32cube.ide.mcu.externaltools.gnu-tools-for-stm32.9-2020-q2-update.win32_2.0.0.202105311346/tools/bin/../lib/gcc/arm-none-eabi/9.3.1/../../../../arm-none-eabi/lib/thumb/v7e-m+fp/hard\libc_nano.a(lib_a-nano-mallocr.o)
                0x000000000800bb94                _malloc_r
 .text.__ssputs_r
                0x000000000800bc48       0xb6 c:/st/stm32cubeide_1.7.0/stm32cubeide/plugins/com.st.stm32cube.ide.mcu.externaltools.gnu-tools-for-stm32.9-2020-q2-update.win32_2.0.0.202105311346/tools/bin/../lib/gcc/arm-none-eabi/9.3.1/../../../../arm-none-eabi/lib/thumb/v7e-m+fp/hard\libc_nano.a(lib_a-nano-svfprintf.o)
                0x000000000800bc48                __ssputs_r
 *fill*         0x000000000800bcfe        0x2 
 .text._svfprintf_r
                0x000000000800bd00      0x200 c:/st/stm32cubeide_1.7.0/stm32cubeide/plugins/com.st.stm32cube.ide.mcu.externaltools.gnu-tools-for-stm32.9-2020-q2-update.win32_2.0.0.202105311346/tools/bin/../lib/gcc/arm-none-eabi/9.3.1/../../../../arm-none-eabi/lib/thumb/v7e-m+fp/hard\libc_nano.a(lib_a-nano-svfprintf.o)
                0x000000000800bd00                _svfiprintf_r
                0x000000000800bd00                _svfprintf_r
 .text.__sfputc_r
                0x000000000800bf00       0x2e c:/st/stm32cubeide_1.7.0/stm32cubeide/plugins/com.st.stm32cube.ide.mcu.externaltools.gnu-tools-for-stm32.9-2020-q2-update.win32_2.0.0.202105311346/tools/bin/../lib/gcc/arm-none-eabi/9.3.1/../../../../arm-none-eabi/lib/thumb/v7e-m+fp/hard\libc_nano.a(lib_a-nano-vfprintf.o)
 .text.__sfputs_r
                0x000000000800bf2e       0x24 c:/st/stm32cubeide_1.7.0/stm32cubeide/plugins/com.st.stm32cube.ide.mcu.externaltools.gnu-tools-for-stm32.9-2020-q2-update.win32_2.0.0.202105311346/tools/bin/../lib/gcc/arm-none-eabi/9.3.1/../../../../arm-none-eabi/lib/thumb/v7e-m+fp/hard\libc_nano.a(lib_a-nano-vfprintf.o)
                0x000000000800bf2e                __sfputs_r
 *fill*         0x000000000800bf52        0x2 
 .text._vfprintf_r
                0x000000000800bf54      0x260 c:/st/stm32cubeide_1.7.0/stm32cubeide/plugins/com.st.stm32cube.ide.mcu.externaltools.gnu-tools-for-stm32.9-2020-q2-update.win32_2.0.0.202105311346/tools/bin/../lib/gcc/arm-none-eabi/9.3.1/../../../../arm-none-eabi/lib/thumb/v7e-m+fp/hard\libc_nano.a(lib_a-nano-vfprintf.o)
                0x000000000800bf54                _vfprintf_r
                0x000000000800bf54                _vfiprintf_r
 .text._printf_common
                0x000000000800c1b4       0xda c:/st/stm32cubeide_1.7.0/stm32cubeide/plugins/com.st.stm32cube.ide.mcu.externaltools.gnu-tools-for-stm32.9-2020-q2-update.win32_2.0.0.202105311346/tools/bin/../lib/gcc/arm-none-eabi/9.3.1/../../../../arm-none-eabi/lib/thumb/v7e-m+fp/hard\libc_nano.a(lib_a-nano-vfprintf_i.o)
                0x000000000800c1b4                _printf_common
 *fill*         0x000000000800c28e        0x2 
 .text._printf_i
                0x000000000800c290      0x24c c:/st/stm32cubeide_1.7.0/stm32cubeide/plugins/com.st.stm32cube.ide.mcu.externaltools.gnu-tools-for-stm32.9-2020-q2-update.win32_2.0.0.202105311346/tools/bin/../lib/gcc/arm-none-eabi/9.3.1/../../../../arm-none-eabi/lib/thumb/v7e-m+fp/hard\libc_nano.a(lib_a-nano-vfprintf_i.o)
                0x000000000800c290                _printf_i
 .text._sbrk_r  0x000000000800c4dc       0x20 c:/st/stm32cubeide_1.7.0/stm32cubeide/plugins/com.st.stm32cube.ide.mcu.externaltools.gnu-tools-for-stm32.9-2020-q2-update.win32_2.0.0.202105311346/tools/bin/../lib/gcc/arm-none-eabi/9.3.1/../../../../arm-none-eabi/lib/thumb/v7e-m+fp/hard\libc_nano.a(lib_a-sbrkr.o)
                0x000000000800c4dc                _sbrk_r
 .text.__swbuf_r
                0x000000000800c4fc       0xa4 c:/st/stm32cubeide_1.7.0/stm32cubeide/plugins/com.st.stm32cube.ide.mcu.externaltools.gnu-tools-for-stm32.9-2020-q2-update.win32_2.0.0.202105311346/tools/bin/../lib/gcc/arm-none-eabi/9.3.1/../../../../arm-none-eabi/lib/thumb/v7e-m+fp/hard\libc_nano.a(lib_a-wbuf.o)
                0x000000000800c4fc                __swbuf_r
 .text.__swsetup_r
                0x000000000800c5a0       0xdc c:/st/stm32cubeide_1.7.0/stm32cubeide/plugins/com.st.stm32cube.ide.mcu.externaltools.gnu-tools-for-stm32.9-2020-q2-update.win32_2.0.0.202105311346/tools/bin/../lib/gcc/arm-none-eabi/9.3.1/../../../../arm-none-eabi/lib/thumb/v7e-m+fp/hard\libc_nano.a(lib_a-wsetup.o)
                0x000000000800c5a0                __swsetup_r
 .text.abort    0x000000000800c67c        0xe c:/st/stm32cubeide_1.7.0/stm32cubeide/plugins/com.st.stm32cube.ide.mcu.externaltools.gnu-tools-for-stm32.9-2020-q2-update.win32_2.0.0.202105311346/tools/bin/../lib/gcc/arm-none-eabi/9.3.1/../../../../arm-none-eabi/lib/thumb/v7e-m+fp/hard\libc_nano.a(lib_a-abort.o)
                0x000000000800c67c                abort
 *fill*         0x000000000800c68a        0x2 
 .text.__sflush_r
                0x000000000800c68c      0x10c c:/st/stm32cubeide_1.7.0/stm32cubeide/plugins/com.st.stm32cube.ide.mcu.externaltools.gnu-tools-for-stm32.9-2020-q2-update.win32_2.0.0.202105311346/tools/bin/../lib/gcc/arm-none-eabi/9.3.1/../../../../arm-none-eabi/lib/thumb/v7e-m+fp/hard\libc_nano.a(lib_a-fflush.o)
                0x000000000800c68c                __sflush_r
 .text._fflush_r
                0x000000000800c798       0x78 c:/st/stm32cubeide_1.7.0/stm32cubeide/plugins/com.st.stm32cube.ide.mcu.externaltools.gnu-tools-for-stm32.9-2020-q2-update.win32_2.0.0.202105311346/tools/bin/../lib/gcc/arm-none-eabi/9.3.1/../../../../arm-none-eabi/lib/thumb/v7e-m+fp/hard\libc_nano.a(lib_a-fflush.o)
                0x000000000800c798                _fflush_r
 .text.std      0x000000000800c810       0x48 c:/st/stm32cubeide_1.7.0/stm32cubeide/plugins/com.st.stm32cube.ide.mcu.externaltools.gnu-tools-for-stm32.9-2020-q2-update.win32_2.0.0.202105311346/tools/bin/../lib/gcc/arm-none-eabi/9.3.1/../../../../arm-none-eabi/lib/thumb/v7e-m+fp/hard\libc_nano.a(lib_a-findfp.o)
 .text._cleanup_r
                0x000000000800c858        0xc c:/st/stm32cubeide_1.7.0/stm32cubeide/plugins/com.st.stm32cube.ide.mcu.externaltools.gnu-tools-for-stm32.9-2020-q2-update.win32_2.0.0.202105311346/tools/bin/../lib/gcc/arm-none-eabi/9.3.1/../../../../arm-none-eabi/lib/thumb/v7e-m+fp/hard\libc_nano.a(lib_a-findfp.o)
                0x000000000800c858                _cleanup_r
 .text.__sfmoreglue
                0x000000000800c864       0x2c c:/st/stm32cubeide_1.7.0/stm32cubeide/plugins/com.st.stm32cube.ide.mcu.externaltools.gnu-tools-for-stm32.9-2020-q2-update.win32_2.0.0.202105311346/tools/bin/../lib/gcc/arm-none-eabi/9.3.1/../../../../arm-none-eabi/lib/thumb/v7e-m+fp/hard\libc_nano.a(lib_a-findfp.o)
                0x000000000800c864                __sfmoreglue
 .text.__sfp_lock_acquire
                0x000000000800c890        0xc c:/st/stm32cubeide_1.7.0/stm32cubeide/plugins/com.st.stm32cube.ide.mcu.externaltools.gnu-tools-for-stm32.9-2020-q2-update.win32_2.0.0.202105311346/tools/bin/../lib/gcc/arm-none-eabi/9.3.1/../../../../arm-none-eabi/lib/thumb/v7e-m+fp/hard\libc_nano.a(lib_a-findfp.o)
                0x000000000800c890                __sfp_lock_acquire
 .text.__sfp_lock_release
                0x000000000800c89c        0xc c:/st/stm32cubeide_1.7.0/stm32cubeide/plugins/com.st.stm32cube.ide.mcu.externaltools.gnu-tools-for-stm32.9-2020-q2-update.win32_2.0.0.202105311346/tools/bin/../lib/gcc/arm-none-eabi/9.3.1/../../../../arm-none-eabi/lib/thumb/v7e-m+fp/hard\libc_nano.a(lib_a-findfp.o)
                0x000000000800c89c                __sfp_lock_release
 .text.__sinit_lock_acquire
                0x000000000800c8a8        0xc c:/st/stm32cubeide_1.7.0/stm32cubeide/plugins/com.st.stm32cube.ide.mcu.externaltools.gnu-tools-for-stm32.9-2020-q2-update.win32_2.0.0.202105311346/tools/bin/../lib/gcc/arm-none-eabi/9.3.1/../../../../arm-none-eabi/lib/thumb/v7e-m+fp/hard\libc_nano.a(lib_a-findfp.o)
                0x000000000800c8a8                __sinit_lock_acquire
 .text.__sinit_lock_release
                0x000000000800c8b4        0xc c:/st/stm32cubeide_1.7.0/stm32cubeide/plugins/com.st.stm32cube.ide.mcu.externaltools.gnu-tools-for-stm32.9-2020-q2-update.win32_2.0.0.202105311346/tools/bin/../lib/gcc/arm-none-eabi/9.3.1/../../../../arm-none-eabi/lib/thumb/v7e-m+fp/hard\libc_nano.a(lib_a-findfp.o)
                0x000000000800c8b4                __sinit_lock_release
 .text.__sinit  0x000000000800c8c0       0x70 c:/st/stm32cubeide_1.7.0/stm32cubeide/plugins/com.st.stm32cube.ide.mcu.externaltools.gnu-tools-for-stm32.9-2020-q2-update.win32_2.0.0.202105311346/tools/bin/../lib/gcc/arm-none-eabi/9.3.1/../../../../arm-none-eabi/lib/thumb/v7e-m+fp/hard\libc_nano.a(lib_a-findfp.o)
                0x000000000800c8c0                __sinit
 .text.__sfp    0x000000000800c930       0x8c c:/st/stm32cubeide_1.7.0/stm32cubeide/plugins/com.st.stm32cube.ide.mcu.externaltools.gnu-tools-for-stm32.9-2020-q2-update.win32_2.0.0.202105311346/tools/bin/../lib/gcc/arm-none-eabi/9.3.1/../../../../arm-none-eabi/lib/thumb/v7e-m+fp/hard\libc_nano.a(lib_a-findfp.o)
                0x000000000800c930                __sfp
 .text._fwalk_reent
                0x000000000800c9bc       0x3e c:/st/stm32cubeide_1.7.0/stm32cubeide/plugins/com.st.stm32cube.ide.mcu.externaltools.gnu-tools-for-stm32.9-2020-q2-update.win32_2.0.0.202105311346/tools/bin/../lib/gcc/arm-none-eabi/9.3.1/../../../../arm-none-eabi/lib/thumb/v7e-m+fp/hard\libc_nano.a(lib_a-fwalk.o)
                0x000000000800c9bc                _fwalk_reent
 .text.__retarget_lock_init_recursive
                0x000000000800c9fa        0x2 c:/st/stm32cubeide_1.7.0/stm32cubeide/plugins/com.st.stm32cube.ide.mcu.externaltools.gnu-tools-for-stm32.9-2020-q2-update.win32_2.0.0.202105311346/tools/bin/../lib/gcc/arm-none-eabi/9.3.1/../../../../arm-none-eabi/lib/thumb/v7e-m+fp/hard\libc_nano.a(lib_a-lock.o)
                0x000000000800c9fa                __retarget_lock_init_recursive
 .text.__retarget_lock_acquire_recursive
                0x000000000800c9fc        0x2 c:/st/stm32cubeide_1.7.0/stm32cubeide/plugins/com.st.stm32cube.ide.mcu.externaltools.gnu-tools-for-stm32.9-2020-q2-update.win32_2.0.0.202105311346/tools/bin/../lib/gcc/arm-none-eabi/9.3.1/../../../../arm-none-eabi/lib/thumb/v7e-m+fp/hard\libc_nano.a(lib_a-lock.o)
                0x000000000800c9fc                __retarget_lock_acquire_recursive
 .text.__retarget_lock_release_recursive
                0x000000000800c9fe        0x2 c:/st/stm32cubeide_1.7.0/stm32cubeide/plugins/com.st.stm32cube.ide.mcu.externaltools.gnu-tools-for-stm32.9-2020-q2-update.win32_2.0.0.202105311346/tools/bin/../lib/gcc/arm-none-eabi/9.3.1/../../../../arm-none-eabi/lib/thumb/v7e-m+fp/hard\libc_nano.a(lib_a-lock.o)
                0x000000000800c9fe                __retarget_lock_release_recursive
 .text.__swhatbuf_r
                0x000000000800ca00       0x48 c:/st/stm32cubeide_1.7.0/stm32cubeide/plugins/com.st.stm32cube.ide.mcu.externaltools.gnu-tools-for-stm32.9-2020-q2-update.win32_2.0.0.202105311346/tools/bin/../lib/gcc/arm-none-eabi/9.3.1/../../../../arm-none-eabi/lib/thumb/v7e-m+fp/hard\libc_nano.a(lib_a-makebuf.o)
                0x000000000800ca00                __swhatbuf_r
 .text.__smakebuf_r
                0x000000000800ca48       0x80 c:/st/stm32cubeide_1.7.0/stm32cubeide/plugins/com.st.stm32cube.ide.mcu.externaltools.gnu-tools-for-stm32.9-2020-q2-update.win32_2.0.0.202105311346/tools/bin/../lib/gcc/arm-none-eabi/9.3.1/../../../../arm-none-eabi/lib/thumb/v7e-m+fp/hard\libc_nano.a(lib_a-makebuf.o)
                0x000000000800ca48                __smakebuf_r
 .text.memcpy   0x000000000800cac8       0x1c c:/st/stm32cubeide_1.7.0/stm32cubeide/plugins/com.st.stm32cube.ide.mcu.externaltools.gnu-tools-for-stm32.9-2020-q2-update.win32_2.0.0.202105311346/tools/bin/../lib/gcc/arm-none-eabi/9.3.1/../../../../arm-none-eabi/lib/thumb/v7e-m+fp/hard\libc_nano.a(lib_a-memcpy-stub.o)
                0x000000000800cac8                memcpy
 .text.memmove  0x000000000800cae4       0x34 c:/st/stm32cubeide_1.7.0/stm32cubeide/plugins/com.st.stm32cube.ide.mcu.externaltools.gnu-tools-for-stm32.9-2020-q2-update.win32_2.0.0.202105311346/tools/bin/../lib/gcc/arm-none-eabi/9.3.1/../../../../arm-none-eabi/lib/thumb/v7e-m+fp/hard\libc_nano.a(lib_a-memmove.o)
                0x000000000800cae4                memmove
 .text.__malloc_lock
                0x000000000800cb18        0xc c:/st/stm32cubeide_1.7.0/stm32cubeide/plugins/com.st.stm32cube.ide.mcu.externaltools.gnu-tools-for-stm32.9-2020-q2-update.win32_2.0.0.202105311346/tools/bin/../lib/gcc/arm-none-eabi/9.3.1/../../../../arm-none-eabi/lib/thumb/v7e-m+fp/hard\libc_nano.a(lib_a-mlock.o)
                0x000000000800cb18                __malloc_lock
 .text.__malloc_unlock
                0x000000000800cb24        0xc c:/st/stm32cubeide_1.7.0/stm32cubeide/plugins/com.st.stm32cube.ide.mcu.externaltools.gnu-tools-for-stm32.9-2020-q2-update.win32_2.0.0.202105311346/tools/bin/../lib/gcc/arm-none-eabi/9.3.1/../../../../arm-none-eabi/lib/thumb/v7e-m+fp/hard\libc_nano.a(lib_a-mlock.o)
                0x000000000800cb24                __malloc_unlock
 .text._realloc_r
                0x000000000800cb30       0x4c c:/st/stm32cubeide_1.7.0/stm32cubeide/plugins/com.st.stm32cube.ide.mcu.externaltools.gnu-tools-for-stm32.9-2020-q2-update.win32_2.0.0.202105311346/tools/bin/../lib/gcc/arm-none-eabi/9.3.1/../../../../arm-none-eabi/lib/thumb/v7e-m+fp/hard\libc_nano.a(lib_a-nano-reallocr.o)
                0x000000000800cb30                _realloc_r
 .text._raise_r
                0x000000000800cb7c       0x50 c:/st/stm32cubeide_1.7.0/stm32cubeide/plugins/com.st.stm32cube.ide.mcu.externaltools.gnu-tools-for-stm32.9-2020-q2-update.win32_2.0.0.202105311346/tools/bin/../lib/gcc/arm-none-eabi/9.3.1/../../../../arm-none-eabi/lib/thumb/v7e-m+fp/hard\libc_nano.a(lib_a-signal.o)
                0x000000000800cb7c                _raise_r
 .text.raise    0x000000000800cbcc       0x10 c:/st/stm32cubeide_1.7.0/stm32cubeide/plugins/com.st.stm32cube.ide.mcu.externaltools.gnu-tools-for-stm32.9-2020-q2-update.win32_2.0.0.202105311346/tools/bin/../lib/gcc/arm-none-eabi/9.3.1/../../../../arm-none-eabi/lib/thumb/v7e-m+fp/hard\libc_nano.a(lib_a-signal.o)
                0x000000000800cbcc                raise
 .text._kill_r  0x000000000800cbdc       0x24 c:/st/stm32cubeide_1.7.0/stm32cubeide/plugins/com.st.stm32cube.ide.mcu.externaltools.gnu-tools-for-stm32.9-2020-q2-update.win32_2.0.0.202105311346/tools/bin/../lib/gcc/arm-none-eabi/9.3.1/../../../../arm-none-eabi/lib/thumb/v7e-m+fp/hard\libc_nano.a(lib_a-signalr.o)
                0x000000000800cbdc                _kill_r
 .text._getpid_r
                0x000000000800cc00        0x4 c:/st/stm32cubeide_1.7.0/stm32cubeide/plugins/com.st.stm32cube.ide.mcu.externaltools.gnu-tools-for-stm32.9-2020-q2-update.win32_2.0.0.202105311346/tools/bin/../lib/gcc/arm-none-eabi/9.3.1/../../../../arm-none-eabi/lib/thumb/v7e-m+fp/hard\libc_nano.a(lib_a-signalr.o)
                0x000000000800cc00                _getpid_r
 .text.__sread  0x000000000800cc04       0x22 c:/st/stm32cubeide_1.7.0/stm32cubeide/plugins/com.st.stm32cube.ide.mcu.externaltools.gnu-tools-for-stm32.9-2020-q2-update.win32_2.0.0.202105311346/tools/bin/../lib/gcc/arm-none-eabi/9.3.1/../../../../arm-none-eabi/lib/thumb/v7e-m+fp/hard\libc_nano.a(lib_a-stdio.o)
                0x000000000800cc04                __sread
 .text.__swrite
                0x000000000800cc26       0x38 c:/st/stm32cubeide_1.7.0/stm32cubeide/plugins/com.st.stm32cube.ide.mcu.externaltools.gnu-tools-for-stm32.9-2020-q2-update.win32_2.0.0.202105311346/tools/bin/../lib/gcc/arm-none-eabi/9.3.1/../../../../arm-none-eabi/lib/thumb/v7e-m+fp/hard\libc_nano.a(lib_a-stdio.o)
                0x000000000800cc26                __swrite
 .text.__sseek  0x000000000800cc5e       0x24 c:/st/stm32cubeide_1.7.0/stm32cubeide/plugins/com.st.stm32cube.ide.mcu.externaltools.gnu-tools-for-stm32.9-2020-q2-update.win32_2.0.0.202105311346/tools/bin/../lib/gcc/arm-none-eabi/9.3.1/../../../../arm-none-eabi/lib/thumb/v7e-m+fp/hard\libc_nano.a(lib_a-stdio.o)
                0x000000000800cc5e                __sseek
 .text.__sclose
                0x000000000800cc82        0x8 c:/st/stm32cubeide_1.7.0/stm32cubeide/plugins/com.st.stm32cube.ide.mcu.externaltools.gnu-tools-for-stm32.9-2020-q2-update.win32_2.0.0.202105311346/tools/bin/../lib/gcc/arm-none-eabi/9.3.1/../../../../arm-none-eabi/lib/thumb/v7e-m+fp/hard\libc_nano.a(lib_a-stdio.o)
                0x000000000800cc82                __sclose
 *fill*         0x000000000800cc8a        0x2 
 .text._write_r
                0x000000000800cc8c       0x24 c:/st/stm32cubeide_1.7.0/stm32cubeide/plugins/com.st.stm32cube.ide.mcu.externaltools.gnu-tools-for-stm32.9-2020-q2-update.win32_2.0.0.202105311346/tools/bin/../lib/gcc/arm-none-eabi/9.3.1/../../../../arm-none-eabi/lib/thumb/v7e-m+fp/hard\libc_nano.a(lib_a-writer.o)
                0x000000000800cc8c                _write_r
 .text._close_r
                0x000000000800ccb0       0x20 c:/st/stm32cubeide_1.7.0/stm32cubeide/plugins/com.st.stm32cube.ide.mcu.externaltools.gnu-tools-for-stm32.9-2020-q2-update.win32_2.0.0.202105311346/tools/bin/../lib/gcc/arm-none-eabi/9.3.1/../../../../arm-none-eabi/lib/thumb/v7e-m+fp/hard\libc_nano.a(lib_a-closer.o)
                0x000000000800ccb0                _close_r
 .text._fstat_r
                0x000000000800ccd0       0x24 c:/st/stm32cubeide_1.7.0/stm32cubeide/plugins/com.st.stm32cube.ide.mcu.externaltools.gnu-tools-for-stm32.9-2020-q2-update.win32_2.0.0.202105311346/tools/bin/../lib/gcc/arm-none-eabi/9.3.1/../../../../arm-none-eabi/lib/thumb/v7e-m+fp/hard\libc_nano.a(lib_a-fstatr.o)
                0x000000000800ccd0                _fstat_r
 .text._isatty_r
                0x000000000800ccf4       0x20 c:/st/stm32cubeide_1.7.0/stm32cubeide/plugins/com.st.stm32cube.ide.mcu.externaltools.gnu-tools-for-stm32.9-2020-q2-update.win32_2.0.0.202105311346/tools/bin/../lib/gcc/arm-none-eabi/9.3.1/../../../../arm-none-eabi/lib/thumb/v7e-m+fp/hard\libc_nano.a(lib_a-isattyr.o)
                0x000000000800ccf4                _isatty_r
 .text._lseek_r
                0x000000000800cd14       0x24 c:/st/stm32cubeide_1.7.0/stm32cubeide/plugins/com.st.stm32cube.ide.mcu.externaltools.gnu-tools-for-stm32.9-2020-q2-update.win32_2.0.0.202105311346/tools/bin/../lib/gcc/arm-none-eabi/9.3.1/../../../../arm-none-eabi/lib/thumb/v7e-m+fp/hard\libc_nano.a(lib_a-lseekr.o)
                0x000000000800cd14                _lseek_r
 .text._malloc_usable_size_r
                0x000000000800cd38       0x10 c:/st/stm32cubeide_1.7.0/stm32cubeide/plugins/com.st.stm32cube.ide.mcu.externaltools.gnu-tools-for-stm32.9-2020-q2-update.win32_2.0.0.202105311346/tools/bin/../lib/gcc/arm-none-eabi/9.3.1/../../../../arm-none-eabi/lib/thumb/v7e-m+fp/hard\libc_nano.a(lib_a-nano-msizer.o)
                0x000000000800cd38                _malloc_usable_size_r
 .text._read_r  0x000000000800cd48       0x24 c:/st/stm32cubeide_1.7.0/stm32cubeide/plugins/com.st.stm32cube.ide.mcu.externaltools.gnu-tools-for-stm32.9-2020-q2-update.win32_2.0.0.202105311346/tools/bin/../lib/gcc/arm-none-eabi/9.3.1/../../../../arm-none-eabi/lib/thumb/v7e-m+fp/hard\libc_nano.a(lib_a-readr.o)
                0x000000000800cd48                _read_r
 *(.glue_7)
 .glue_7        0x000000000800cd6c        0x0 linker stubs
 *(.glue_7t)
 .glue_7t       0x000000000800cd6c        0x0 linker stubs
 *(.eh_frame)
 .eh_frame      0x000000000800cd6c        0x0 c:/st/stm32cubeide_1.7.0/stm32cubeide/plugins/com.st.stm32cube.ide.mcu.externaltools.gnu-tools-for-stm32.9-2020-q2-update.win32_2.0.0.202105311346/tools/bin/../lib/gcc/arm-none-eabi/9.3.1/thumb/v7e-m+fp/hard/crtbegin.o
 *(.init)
 .init          0x000000000800cd6c        0x4 c:/st/stm32cubeide_1.7.0/stm32cubeide/plugins/com.st.stm32cube.ide.mcu.externaltools.gnu-tools-for-stm32.9-2020-q2-update.win32_2.0.0.202105311346/tools/bin/../lib/gcc/arm-none-eabi/9.3.1/thumb/v7e-m+fp/hard/crti.o
                0x000000000800cd6c                _init
 .init          0x000000000800cd70        0x8 c:/st/stm32cubeide_1.7.0/stm32cubeide/plugins/com.st.stm32cube.ide.mcu.externaltools.gnu-tools-for-stm32.9-2020-q2-update.win32_2.0.0.202105311346/tools/bin/../lib/gcc/arm-none-eabi/9.3.1/thumb/v7e-m+fp/hard/crtn.o
 *(.fini)
 .fini          0x000000000800cd78        0x4 c:/st/stm32cubeide_1.7.0/stm32cubeide/plugins/com.st.stm32cube.ide.mcu.externaltools.gnu-tools-for-stm32.9-2020-q2-update.win32_2.0.0.202105311346/tools/bin/../lib/gcc/arm-none-eabi/9.3.1/thumb/v7e-m+fp/hard/crti.o
                0x000000000800cd78                _fini
 .fini          0x000000000800cd7c        0x8 c:/st/stm32cubeide_1.7.0/stm32cubeide/plugins/com.st.stm32cube.ide.mcu.externaltools.gnu-tools-for-stm32.9-2020-q2-update.win32_2.0.0.202105311346/tools/bin/../lib/gcc/arm-none-eabi/9.3.1/thumb/v7e-m+fp/hard/crtn.o
                0x000000000800cd84                . = ALIGN (0x4)
                0x000000000800cd84                _etext = .

.vfp11_veneer   0x000000000800cd84        0x0
 .vfp11_veneer  0x000000000800cd84        0x0 linker stubs

.v4_bx          0x000000000800cd84        0x0
 .v4_bx         0x000000000800cd84        0x0 linker stubs

.iplt           0x000000000800cd84        0x0
 .iplt          0x000000000800cd84        0x0 c:/st/stm32cubeide_1.7.0/stm32cubeide/plugins/com.st.stm32cube.ide.mcu.externaltools.gnu-tools-for-stm32.9-2020-q2-update.win32_2.0.0.202105311346/tools/bin/../lib/gcc/arm-none-eabi/9.3.1/thumb/v7e-m+fp/hard/crtbegin.o

.rodata         0x000000000800cd84     0x18f0
                0x000000000800cd84                . = ALIGN (0x4)
 *(.rodata)
 .rodata        0x000000000800cd84      0x1e7 ./Core/Src/main.o
 *(.rodata*)
 *fill*         0x000000000800cf6b        0x1 
 .rodata.menuT  0x000000000800cf6c      0xa98 ./Core/Src/stm32f3xx_it.o
                0x000000000800cf6c                menuT
 .rodata.doom   0x000000000800da04      0xaa4 ./Core/Src/stm32f3xx_it.o
                0x000000000800da04                doom
 .rodata.bump1  0x000000000800e4a8       0x14 ./Core/Src/stm32f3xx_it.o
                0x000000000800e4a8                bump1
 .rodata.bump2  0x000000000800e4bc       0x10 ./Core/Src/stm32f3xx_it.o
                0x000000000800e4bc                bump2
 .rodata.bump3  0x000000000800e4cc       0x10 ./Core/Src/stm32f3xx_it.o
                0x000000000800e4cc                bump3
 .rodata.shot1  0x000000000800e4dc       0x10 ./Core/Src/stm32f3xx_it.o
                0x000000000800e4dc                shot1
 .rodata.silent
                0x000000000800e4ec        0x4 ./Core/Src/stm32f3xx_it.o
                0x000000000800e4ec                silent
 .rodata.AHBPrescTable
                0x000000000800e4f0       0x10 ./Core/Src/system_stm32f3xx.o
                0x000000000800e4f0                AHBPrescTable
 .rodata.APBPrescTable
                0x000000000800e500        0x8 ./Core/Src/system_stm32f3xx.o
                0x000000000800e500                APBPrescTable
 .rodata.aPLLMULFactorTable
                0x000000000800e508       0x10 ./Drivers/STM32F3xx_HAL_Driver/Src/stm32f3xx_hal_rcc.o
                0x000000000800e508                aPLLMULFactorTable
 .rodata.aPredivFactorTable
                0x000000000800e518       0x10 ./Drivers/STM32F3xx_HAL_Driver/Src/stm32f3xx_hal_rcc.o
                0x000000000800e518                aPredivFactorTable
 .rodata._global_impure_ptr
                0x000000000800e528        0x4 c:/st/stm32cubeide_1.7.0/stm32cubeide/plugins/com.st.stm32cube.ide.mcu.externaltools.gnu-tools-for-stm32.9-2020-q2-update.win32_2.0.0.202105311346/tools/bin/../lib/gcc/arm-none-eabi/9.3.1/../../../../arm-none-eabi/lib/thumb/v7e-m+fp/hard\libc_nano.a(lib_a-impure.o)
                0x000000000800e528                _global_impure_ptr
 .rodata.srand.str1.1
                0x000000000800e52c       0x76 c:/st/stm32cubeide_1.7.0/stm32cubeide/plugins/com.st.stm32cube.ide.mcu.externaltools.gnu-tools-for-stm32.9-2020-q2-update.win32_2.0.0.202105311346/tools/bin/../lib/gcc/arm-none-eabi/9.3.1/../../../../arm-none-eabi/lib/thumb/v7e-m+fp/hard\libc_nano.a(lib_a-rand.o)
 .rodata.__assert_func.str1.1
                0x000000000800e5a2       0x3c c:/st/stm32cubeide_1.7.0/stm32cubeide/plugins/com.st.stm32cube.ide.mcu.externaltools.gnu-tools-for-stm32.9-2020-q2-update.win32_2.0.0.202105311346/tools/bin/../lib/gcc/arm-none-eabi/9.3.1/../../../../arm-none-eabi/lib/thumb/v7e-m+fp/hard\libc_nano.a(lib_a-assert.o)
                                         0x3d (size before relaxing)
 .rodata._svfprintf_r.str1.1
                0x000000000800e5de       0x11 c:/st/stm32cubeide_1.7.0/stm32cubeide/plugins/com.st.stm32cube.ide.mcu.externaltools.gnu-tools-for-stm32.9-2020-q2-update.win32_2.0.0.202105311346/tools/bin/../lib/gcc/arm-none-eabi/9.3.1/../../../../arm-none-eabi/lib/thumb/v7e-m+fp/hard\libc_nano.a(lib_a-nano-svfprintf.o)
 .rodata._vfprintf_r.str1.1
                0x000000000800e5ef       0x11 c:/st/stm32cubeide_1.7.0/stm32cubeide/plugins/com.st.stm32cube.ide.mcu.externaltools.gnu-tools-for-stm32.9-2020-q2-update.win32_2.0.0.202105311346/tools/bin/../lib/gcc/arm-none-eabi/9.3.1/../../../../arm-none-eabi/lib/thumb/v7e-m+fp/hard\libc_nano.a(lib_a-nano-vfprintf.o)
 .rodata._printf_i.str1.1
                0x000000000800e5ef       0x22 c:/st/stm32cubeide_1.7.0/stm32cubeide/plugins/com.st.stm32cube.ide.mcu.externaltools.gnu-tools-for-stm32.9-2020-q2-update.win32_2.0.0.202105311346/tools/bin/../lib/gcc/arm-none-eabi/9.3.1/../../../../arm-none-eabi/lib/thumb/v7e-m+fp/hard\libc_nano.a(lib_a-nano-vfprintf_i.o)
 *fill*         0x000000000800e611        0x3 
 .rodata.__sf_fake_stderr
                0x000000000800e614       0x20 c:/st/stm32cubeide_1.7.0/stm32cubeide/plugins/com.st.stm32cube.ide.mcu.externaltools.gnu-tools-for-stm32.9-2020-q2-update.win32_2.0.0.202105311346/tools/bin/../lib/gcc/arm-none-eabi/9.3.1/../../../../arm-none-eabi/lib/thumb/v7e-m+fp/hard\libc_nano.a(lib_a-findfp.o)
                0x000000000800e614                __sf_fake_stderr
 .rodata.__sf_fake_stdin
                0x000000000800e634       0x20 c:/st/stm32cubeide_1.7.0/stm32cubeide/plugins/com.st.stm32cube.ide.mcu.externaltools.gnu-tools-for-stm32.9-2020-q2-update.win32_2.0.0.202105311346/tools/bin/../lib/gcc/arm-none-eabi/9.3.1/../../../../arm-none-eabi/lib/thumb/v7e-m+fp/hard\libc_nano.a(lib_a-findfp.o)
                0x000000000800e634                __sf_fake_stdin
 .rodata.__sf_fake_stdout
                0x000000000800e654       0x20 c:/st/stm32cubeide_1.7.0/stm32cubeide/plugins/com.st.stm32cube.ide.mcu.externaltools.gnu-tools-for-stm32.9-2020-q2-update.win32_2.0.0.202105311346/tools/bin/../lib/gcc/arm-none-eabi/9.3.1/../../../../arm-none-eabi/lib/thumb/v7e-m+fp/hard\libc_nano.a(lib_a-findfp.o)
                0x000000000800e654                __sf_fake_stdout
                0x000000000800e674                . = ALIGN (0x4)

.rel.dyn        0x000000000800e674        0x0
 .rel.iplt      0x000000000800e674        0x0 c:/st/stm32cubeide_1.7.0/stm32cubeide/plugins/com.st.stm32cube.ide.mcu.externaltools.gnu-tools-for-stm32.9-2020-q2-update.win32_2.0.0.202105311346/tools/bin/../lib/gcc/arm-none-eabi/9.3.1/thumb/v7e-m+fp/hard/crtbegin.o

.ARM.extab      0x000000000800e674        0x0
                0x000000000800e674                . = ALIGN (0x4)
 *(.ARM.extab* .gnu.linkonce.armextab.*)
                0x000000000800e674                . = ALIGN (0x4)

.ARM            0x000000000800e674        0x0
                0x000000000800e674                . = ALIGN (0x4)
                0x000000000800e674                __exidx_start = .
 *(.ARM.exidx*)
                0x000000000800e674                __exidx_end = .
                0x000000000800e674                . = ALIGN (0x4)

.preinit_array  0x000000000800e674        0x0
                0x000000000800e674                . = ALIGN (0x4)
                0x000000000800e674                PROVIDE (__preinit_array_start = .)
 *(.preinit_array*)
                0x000000000800e674                PROVIDE (__preinit_array_end = .)
                0x000000000800e674                . = ALIGN (0x4)

.init_array     0x000000000800e674        0x4
                0x000000000800e674                . = ALIGN (0x4)
                0x000000000800e674                PROVIDE (__init_array_start = .)
 *(SORT_BY_NAME(.init_array.*))
 *(.init_array*)
 .init_array    0x000000000800e674        0x4 c:/st/stm32cubeide_1.7.0/stm32cubeide/plugins/com.st.stm32cube.ide.mcu.externaltools.gnu-tools-for-stm32.9-2020-q2-update.win32_2.0.0.202105311346/tools/bin/../lib/gcc/arm-none-eabi/9.3.1/thumb/v7e-m+fp/hard/crtbegin.o
                0x000000000800e678                PROVIDE (__init_array_end = .)
                0x000000000800e678                . = ALIGN (0x4)

.fini_array     0x000000000800e678        0x4
                0x000000000800e678                . = ALIGN (0x4)
                [!provide]                        PROVIDE (__fini_array_start = .)
 *(SORT_BY_NAME(.fini_array.*))
 *(.fini_array*)
 .fini_array    0x000000000800e678        0x4 c:/st/stm32cubeide_1.7.0/stm32cubeide/plugins/com.st.stm32cube.ide.mcu.externaltools.gnu-tools-for-stm32.9-2020-q2-update.win32_2.0.0.202105311346/tools/bin/../lib/gcc/arm-none-eabi/9.3.1/thumb/v7e-m+fp/hard/crtbegin.o
                [!provide]                        PROVIDE (__fini_array_end = .)
                0x000000000800e67c                . = ALIGN (0x4)
                0x000000000800e67c                _sidata = LOADADDR (.data)

.data           0x0000000020000000      0x2bc load address 0x000000000800e67c
                0x0000000020000000                . = ALIGN (0x4)
                0x0000000020000000                _sdata = .
 *(.data)
 *(.data*)
 .data._fourbit_mode
                0x0000000020000000        0x1 ./Core/Src/LiquidCrystal.o
                0x0000000020000000                _fourbit_mode
 *fill*         0x0000000020000001        0x3 
 .data.mode     0x0000000020000004        0x4 ./Core/Src/main.o
                0x0000000020000004                mode
 .data.health1  0x0000000020000008        0x4 ./Core/Src/main.o
                0x0000000020000008                health1
 .data.health2  0x000000002000000c        0x4 ./Core/Src/main.o
                0x000000002000000c                health2
 .data.health3  0x0000000020000010        0x4 ./Core/Src/main.o
                0x0000000020000010                health3
 .data.bosshealth
                0x0000000020000014        0x4 ./Core/Src/main.o
                0x0000000020000014                bosshealth
 .data.ship_bossfight_health
                0x0000000020000018        0x4 ./Core/Src/main.o
                0x0000000020000018                ship_bossfight_health
 .data.msg1     0x000000002000001c       0x13 ./Core/Src/main.o
                0x000000002000001c                msg1
 *fill*         0x000000002000002f        0x1 
 .data.msg2     0x0000000020000030       0x58 ./Core/Src/main.o
                0x0000000020000030                msg2
 .data.msg3     0x0000000020000088       0x5a ./Core/Src/main.o
                0x0000000020000088                msg3
 *fill*         0x00000000200000e2        0x2 
 .data.msg4     0x00000000200000e4       0x58 ./Core/Src/main.o
                0x00000000200000e4                msg4
 .data.msg5     0x000000002000013c       0x18 ./Core/Src/main.o
                0x000000002000013c                msg5
 .data.msg6     0x0000000020000154       0x21 ./Core/Src/main.o
                0x0000000020000154                msg6
 *fill*         0x0000000020000175        0x3 
 .data.msg7     0x0000000020000178        0xc ./Core/Src/main.o
                0x0000000020000178                msg7
 .data.msg8     0x0000000020000184        0xd ./Core/Src/main.o
                0x0000000020000184                msg8
 *fill*         0x0000000020000191        0x3 
 .data.msg9     0x0000000020000194       0x43 ./Core/Src/main.o
                0x0000000020000194                msg9
 *fill*         0x00000000200001d7        0x1 
 .data.sword    0x00000000200001d8        0x8 ./Core/Src/main.o
                0x00000000200001d8                sword
 .data.enemy    0x00000000200001e0        0x8 ./Core/Src/main.o
                0x00000000200001e0                enemy
 .data.ship     0x00000000200001e8        0x8 ./Core/Src/main.o
                0x00000000200001e8                ship
 .data.bullet1  0x00000000200001f0        0x8 ./Core/Src/main.o
                0x00000000200001f0                bullet1
 .data.bullet2  0x00000000200001f8        0x8 ./Core/Src/main.o
                0x00000000200001f8                bullet2
 .data.bullet3  0x0000000020000200        0x8 ./Core/Src/main.o
                0x0000000020000200                bullet3
 .data.smile    0x0000000020000208        0x8 ./Core/Src/main.o
                0x0000000020000208                smile
 .data.sad      0x0000000020000210        0x8 ./Core/Src/main.o
                0x0000000020000210                sad
 .data.full     0x0000000020000218        0x8 ./Core/Src/main.o
                0x0000000020000218                full
 .data.boss1    0x0000000020000220        0x8 ./Core/Src/main.o
                0x0000000020000220                boss1
 .data.boss2    0x0000000020000228        0x8 ./Core/Src/main.o
                0x0000000020000228                boss2
 .data.boss3    0x0000000020000230        0x8 ./Core/Src/main.o
                0x0000000020000230                boss3
 .data.pwm_timer
                0x0000000020000238        0x4 ./Core/Src/stm32f3xx_it.o
                0x0000000020000238                pwm_timer
 .data.pwm_channel
                0x000000002000023c        0x4 ./Core/Src/stm32f3xx_it.o
                0x000000002000023c                pwm_channel
 .data.volume   0x0000000020000240        0x2 ./Core/Src/stm32f3xx_it.o
                0x0000000020000240                volume
 *fill*         0x0000000020000242        0x2 
 .data.kpad     0x0000000020000244        0x4 ./Core/Src/stm32f3xx_it.o
                0x0000000020000244                kpad
 .data.n        0x0000000020000248        0x4 ./Core/Src/stm32f3xx_it.o
                0x0000000020000248                n
 .data.SystemCoreClock
                0x000000002000024c        0x4 ./Core/Src/system_stm32f3xx.o
                0x000000002000024c                SystemCoreClock
 .data.uwTickPrio
                0x0000000020000250        0x4 ./Drivers/STM32F3xx_HAL_Driver/Src/stm32f3xx_hal.o
                0x0000000020000250                uwTickPrio
 .data.uwTickFreq
                0x0000000020000254        0x1 ./Drivers/STM32F3xx_HAL_Driver/Src/stm32f3xx_hal.o
                0x0000000020000254                uwTickFreq
 *fill*         0x0000000020000255        0x3 
 .data._impure_ptr
                0x0000000020000258        0x4 c:/st/stm32cubeide_1.7.0/stm32cubeide/plugins/com.st.stm32cube.ide.mcu.externaltools.gnu-tools-for-stm32.9-2020-q2-update.win32_2.0.0.202105311346/tools/bin/../lib/gcc/arm-none-eabi/9.3.1/../../../../arm-none-eabi/lib/thumb/v7e-m+fp/hard\libc_nano.a(lib_a-impure.o)
                0x0000000020000258                _impure_ptr
 .data.impure_data
                0x000000002000025c       0x60 c:/st/stm32cubeide_1.7.0/stm32cubeide/plugins/com.st.stm32cube.ide.mcu.externaltools.gnu-tools-for-stm32.9-2020-q2-update.win32_2.0.0.202105311346/tools/bin/../lib/gcc/arm-none-eabi/9.3.1/../../../../arm-none-eabi/lib/thumb/v7e-m+fp/hard\libc_nano.a(lib_a-impure.o)
 *(.RamFunc)
 *(.RamFunc*)
                0x00000000200002bc                . = ALIGN (0x4)
                0x00000000200002bc                _edata = .
                0x000000000800e938                _siccmram = LOADADDR (.ccmram)

.igot.plt       0x00000000200002bc        0x0 load address 0x000000000800e938
 .igot.plt      0x00000000200002bc        0x0 c:/st/stm32cubeide_1.7.0/stm32cubeide/plugins/com.st.stm32cube.ide.mcu.externaltools.gnu-tools-for-stm32.9-2020-q2-update.win32_2.0.0.202105311346/tools/bin/../lib/gcc/arm-none-eabi/9.3.1/thumb/v7e-m+fp/hard/crtbegin.o

.ccmram         0x0000000010000000        0x0 load address 0x000000000800e938
                0x0000000010000000                . = ALIGN (0x4)
                0x0000000010000000                _sccmram = .
 *(.ccmram)
 *(.ccmram*)
                0x0000000010000000                . = ALIGN (0x4)
                0x0000000010000000                _eccmram = .
                0x0000000010000000                . = ALIGN (0x4)

.bss            0x00000000200002bc     0x19ec
                0x00000000200002bc                _sbss = .
                0x00000000200002bc                __bss_start__ = _sbss
 *(.bss)
 .bss           0x00000000200002bc       0x1c c:/st/stm32cubeide_1.7.0/stm32cubeide/plugins/com.st.stm32cube.ide.mcu.externaltools.gnu-tools-for-stm32.9-2020-q2-update.win32_2.0.0.202105311346/tools/bin/../lib/gcc/arm-none-eabi/9.3.1/thumb/v7e-m+fp/hard/crtbegin.o
 *(.bss*)
 .bss.dotsize   0x00000000200002d8        0x1 ./Core/Src/LiquidCrystal.o
                0x00000000200002d8                dotsize
 *fill*         0x00000000200002d9        0x3 
 .bss.onMenu    0x00000000200002dc        0x4 ./Core/Src/main.o
                0x00000000200002dc                onMenu
 .bss.x         0x00000000200002e0        0x4 ./Core/Src/main.o
                0x00000000200002e0                x
 .bss.start_game
                0x00000000200002e4        0x4 ./Core/Src/main.o
                0x00000000200002e4                start_game
 .bss.endGame   0x00000000200002e8        0x4 ./Core/Src/main.o
                0x00000000200002e8                endGame
 .bss.gameOn    0x00000000200002ec        0x4 ./Core/Src/main.o
                0x00000000200002ec                gameOn
 .bss.shot      0x00000000200002f0        0x4 ./Core/Src/main.o
                0x00000000200002f0                shot
 .bss.nCop      0x00000000200002f4        0x4 ./Core/Src/main.o
                0x00000000200002f4                nCop
 .bss.shotE_count
                0x00000000200002f8        0x4 ./Core/Src/main.o
                0x00000000200002f8                shotE_count
 .bss.shotE     0x00000000200002fc        0x4 ./Core/Src/main.o
                0x00000000200002fc                shotE
 .bss.kill      0x0000000020000300        0x4 ./Core/Src/main.o
                0x0000000020000300                kill
 .bss.showOnce  0x0000000020000304        0x4 ./Core/Src/main.o
                0x0000000020000304                showOnce
 .bss.showOnce2
                0x0000000020000308        0x4 ./Core/Src/main.o
                0x0000000020000308                showOnce2
 .bss.shot_enemyBoss
                0x000000002000030c        0x4 ./Core/Src/main.o
                0x000000002000030c                shot_enemyBoss
 .bss.autoFire  0x0000000020000310        0x4 ./Core/Src/main.o
                0x0000000020000310                autoFire
 .bss.pause     0x0000000020000314        0x4 ./Core/Src/stm32f3xx_it.o
                0x0000000020000314                pause
 .bss.buffer    0x0000000020000318       0x64 ./Core/Src/stm32f3xx_it.o
                0x0000000020000318                buffer
 .bss.position  0x000000002000037c        0x4 ./Core/Src/stm32f3xx_it.o
                0x000000002000037c                position
 .bss.t         0x0000000020000380        0x4 ./Core/Src/stm32f3xx_it.o
                0x0000000020000380                t
 .bss.__sbrk_heap_end
                0x0000000020000384        0x4 ./Core/Src/sysmem.o
 .bss.__malloc_free_list
                0x0000000020000388        0x4 c:/st/stm32cubeide_1.7.0/stm32cubeide/plugins/com.st.stm32cube.ide.mcu.externaltools.gnu-tools-for-stm32.9-2020-q2-update.win32_2.0.0.202105311346/tools/bin/../lib/gcc/arm-none-eabi/9.3.1/../../../../arm-none-eabi/lib/thumb/v7e-m+fp/hard\libc_nano.a(lib_a-nano-mallocr.o)
                0x0000000020000388                __malloc_free_list
 .bss.__malloc_sbrk_start
                0x000000002000038c        0x4 c:/st/stm32cubeide_1.7.0/stm32cubeide/plugins/com.st.stm32cube.ide.mcu.externaltools.gnu-tools-for-stm32.9-2020-q2-update.win32_2.0.0.202105311346/tools/bin/../lib/gcc/arm-none-eabi/9.3.1/../../../../arm-none-eabi/lib/thumb/v7e-m+fp/hard\libc_nano.a(lib_a-nano-mallocr.o)
                0x000000002000038c                __malloc_sbrk_start
 *(COMMON)
 COMMON         0x0000000020000390       0x27 ./Core/Src/LiquidCrystal.o
                0x0000000020000390                _row_offsets
                0x0000000020000394                _rw_pin
                0x0000000020000398                _port
                0x000000002000039c                _displaycontrol
                0x000000002000039d                _numlines
                0x00000000200003a0                _data_pins
                0x00000000200003b0                _displaymode
                0x00000000200003b1                _displayfunction
                0x00000000200003b2                _enable_pin
                0x00000000200003b4                _rs_pin
                0x00000000200003b6                _initialized
 *fill*         0x00000000200003b7        0x1 
 COMMON         0x00000000200003b8     0x18b8 ./Core/Src/main.o
                0x00000000200003b8                shotE_col
                0x00000000200006d8                ship_row
                0x00000000200006dc                htim4
                0x0000000020000728                hi2c1
                0x0000000020000774                enemy_col
                0x0000000020000a94                shotE_row
                0x0000000020000db4                htim3
                0x0000000020000e00                Date
                0x0000000020000e0c                hadc1
                0x0000000020000e5c                hrtc
                0x0000000020000e7c                mydate
                0x0000000020000e80                data
                0x0000000020000e84                htim6
                0x0000000020000ed0                shot_col
                0x00000000200011f0                ship_col
                0x00000000200011f4                hspi1
                0x0000000020001258                htim2
                0x00000000200012a4                Time
                0x00000000200012ac                huart2
                0x0000000020001330                enemy_row
                0x0000000020001650                hpcd_USB_FS
                0x000000002000193c                mytime
                0x0000000020001950                shot_row
 COMMON         0x0000000020001c70       0x24 ./Core/Src/stm32f3xx_it.o
                0x0000000020001c70                current_tone_end
                0x0000000020001c74                current_tone_number
                0x0000000020001c78                melody_ptr
                0x0000000020001c7c                melody_tone_count
                0x0000000020001c80                last_button_press
                0x0000000020001c84                name
 COMMON         0x0000000020001c94        0x4 ./Drivers/STM32F3xx_HAL_Driver/Src/stm32f3xx_hal.o
                0x0000000020001c94                uwTick
 COMMON         0x0000000020001c98        0x9 c:/st/stm32cubeide_1.7.0/stm32cubeide/plugins/com.st.stm32cube.ide.mcu.externaltools.gnu-tools-for-stm32.9-2020-q2-update.win32_2.0.0.202105311346/tools/bin/../lib/gcc/arm-none-eabi/9.3.1/../../../../arm-none-eabi/lib/thumb/v7e-m+fp/hard\libc_nano.a(lib_a-lock.o)
                0x0000000020001c98                __lock___atexit_recursive_mutex
                0x0000000020001c99                __lock___arc4random_mutex
                0x0000000020001c9a                __lock___env_recursive_mutex
                0x0000000020001c9b                __lock___sinit_recursive_mutex
                0x0000000020001c9c                __lock___malloc_recursive_mutex
                0x0000000020001c9d                __lock___at_quick_exit_mutex
                0x0000000020001c9e                __lock___dd_hash_mutex
                0x0000000020001c9f                __lock___tz_mutex
                0x0000000020001ca0                __lock___sfp_recursive_mutex
 *fill*         0x0000000020001ca1        0x3 
 COMMON         0x0000000020001ca4        0x4 c:/st/stm32cubeide_1.7.0/stm32cubeide/plugins/com.st.stm32cube.ide.mcu.externaltools.gnu-tools-for-stm32.9-2020-q2-update.win32_2.0.0.202105311346/tools/bin/../lib/gcc/arm-none-eabi/9.3.1/../../../../arm-none-eabi/lib/thumb/v7e-m+fp/hard\libc_nano.a(lib_a-reent.o)
                0x0000000020001ca4                errno
                0x0000000020001ca8                . = ALIGN (0x4)
                0x0000000020001ca8                _ebss = .