main.c:157:6:warning	8	static
main.c:187:6:timeAndDate	24	static
main.c:204:6:get_time_date	16	static
main.c:222:5:main	8	static
main.c:282:6:SystemClock_Config	128	static
main.c:335:13:MX_ADC1_Init	48	static
main.c:398:13:MX_I2C1_Init	8	static
main.c:444:13:MX_RTC_Init	32	static
main.c:506:13:MX_SPI1_Init	8	static
main.c:546:13:MX_TIM2_Init	40	static
main.c:591:13:MX_TIM3_Init	40	static
main.c:636:13:MX_USB_PCD_Init	8	static
main.c:667:13:MX_GPIO_Init	48	static
main.c:730:6:Error_Handler	4	static,ignoring_inline_asm
