stm32f3xx_it.c:73:6:motionDetection	24	static
stm32f3xx_it.c:92:6:changeLED	8	static
stm32f3xx_it.c:120:6:NMI_Handler	4	static
stm32f3xx_it.c:135:6:HardFault_Handler	4	static
stm32f3xx_it.c:150:6:MemManage_Handler	4	static
stm32f3xx_it.c:165:6:BusFault_Handler	4	static
stm32f3xx_it.c:180:6:UsageFault_Handler	4	static
stm32f3xx_it.c:195:6:SVC_Handler	4	static
stm32f3xx_it.c:208:6:DebugMon_Handler	4	static
stm32f3xx_it.c:221:6:PendSV_Handler	4	static
stm32f3xx_it.c:234:6:SysTick_Handler	8	static
stm32f3xx_it.c:255:6:EXTI0_IRQHandler	8	static
stm32f3xx_it.c:274:6:ADC1_2_IRQHandler	8	static
stm32f3xx_it.c:295:6:TIM2_IRQHandler	8	static
stm32f3xx_it.c:311:6:TIM3_IRQHandler	8	static
