main.c:76:6:initForButtons	32	static
main.c:87:6:initForSevenSeg	32	static
main.c:97:6:numberToBCD0	32	static
main.c:118:6:show	24	static
main.c:159:6:countNum1	4	static
main.c:163:6:countNum2	4	static
main.c:167:6:countRnum	4	static
main.c:171:6:countRnum2	4	static
main.c:176:5:getNum1	4	static
main.c:179:5:getNum2	4	static
main.c:182:5:getRnum	4	static
main.c:185:5:getRnum2	4	static
main.c:196:5:main	8	static
main.c:252:6:SystemClock_Config	128	static
main.c:302:13:MX_I2C1_Init	8	static
main.c:348:13:MX_SPI1_Init	8	static
main.c:388:13:MX_TIM2_Init	40	static
main.c:433:13:MX_TIM3_Init	40	static
main.c:478:13:MX_TIM4_Init	40	static
main.c:523:13:MX_USART2_UART_Init	8	static
main.c:558:13:MX_USB_PCD_Init	8	static
main.c:589:13:MX_GPIO_Init	56	static
main.c:655:6:Error_Handler	4	static,ignoring_inline_asm
