stm32f3xx_it.c:75:6:NMI_Handler	4	static
stm32f3xx_it.c:90:6:HardFault_Handler	4	static
stm32f3xx_it.c:105:6:MemManage_Handler	4	static
stm32f3xx_it.c:120:6:BusFault_Handler	4	static
stm32f3xx_it.c:135:6:UsageFault_Handler	4	static
stm32f3xx_it.c:150:6:SVC_Handler	4	static
stm32f3xx_it.c:163:6:DebugMon_Handler	4	static
stm32f3xx_it.c:176:6:PendSV_Handler	4	static
stm32f3xx_it.c:189:6:SysTick_Handler	8	static
stm32f3xx_it.c:210:6:EXTI1_IRQHandler	8	static
stm32f3xx_it.c:228:6:EXTI2_TSC_IRQHandler	8	static
stm32f3xx_it.c:246:6:EXTI3_IRQHandler	8	static
stm32f3xx_it.c:264:6:TIM2_IRQHandler	8	static
stm32f3xx_it.c:281:6:TIM3_IRQHandler	16	static
stm32f3xx_it.c:297:6:TIM4_IRQHandler	32	dynamic
stm32f3xx_it.c:331:6:USART2_IRQHandler	8	static
