16:27:15 **** Build of configuration Debug for project p3 ****
make -j8 all 
arm-none-eabi-gcc "../Core/Src/stm32f3xx_it.c" -mcpu=cortex-m4 -std=gnu11 -g3 -DDEBUG -DUSE_HAL_DRIVER -DSTM32F303xC -c -I../Core/Inc -I../Drivers/STM32F3xx_HAL_Driver/Inc -I../Drivers/STM32F3xx_HAL_Driver/Inc/Legacy -I../Drivers/CMSIS/Device/ST/STM32F3xx/Include -I../Drivers/CMSIS/Include -O0 -ffunction-sections -fdata-sections -Wall -fstack-usage -MMD -MP -MF"Core/Src/stm32f3xx_it.d" -MT"Core/Src/stm32f3xx_it.o" --specs=nano.specs -mfpu=fpv4-sp-d16 -mfloat-abi=hard -mthumb -o "Core/Src/stm32f3xx_it.o"
arm-none-eabi-gcc -o "p3.elf" @"objects.list"   -mcpu=cortex-m4 -T"F:\STM\p3\STM32F303VCTX_FLASH.ld" --specs=nosys.specs -Wl,-Map="p3.map" -Wl,--gc-sections -static --specs=nano.specs -mfpu=fpv4-sp-d16 -mfloat-abi=hard -mthumb -Wl,--start-group -lc -lm -Wl,--end-group
Finished building target: p3.elf
 
arm-none-eabi-size   p3.elf 
arm-none-eabi-objdump -h -S  p3.elf  > "p3.list"
arm-none-eabi-objcopy  -O binary  p3.elf  "p3.bin"
   text	   data	    bss	    dec	    hex	filename
  22992	     28	   2732	  25752	   6498	p3.elf
Finished building: default.size.stdout
 
Finished building: p3.bin
 
Finished building: p3.list
 

16:27:17 Build Finished. 0 errors, 0 warnings. (took 2s.609ms)

